
> senior-app-backend@1.0.0 test
> jest external-api-github-jira-notifications.test.js

  console.log
    MongoDB connected successfully

      at log (src/index.js:42:13)

  console.log
    2026-04-08T09:40:58.086Z - POST /api/v1/groups/grp_53ca835b/github

      at log (src/index.js:22:11)

  console.log
    2026-04-08T09:40:58.517Z - POST /api/v1/groups/grp_162c5330/github

      at log (src/index.js:22:11)

  console.log
    2026-04-08T09:40:59.056Z - POST /api/v1/groups/grp_3682abd5/github

      at log (src/index.js:22:11)

  console.log
    2026-04-08T09:40:59.536Z - POST /api/v1/groups/grp_d75ce01b/github

      at log (src/index.js:22:11)

  console.log
    2026-04-08T09:41:00.021Z - POST /api/v1/groups/grp_a7054f3f/github

      at log (src/index.js:22:11)

  console.log
    2026-04-08T09:41:00.468Z - POST /api/v1/groups/grp_f8d2c63a/github

      at log (src/index.js:22:11)

  console.log
    2026-04-08T09:41:00.850Z - POST /api/v1/groups/grp_0880b357/github

      at log (src/index.js:22:11)

  console.log
    2026-04-08T09:41:01.754Z - POST /api/v1/groups/grp_cbd1c580/github

      at log (src/index.js:22:11)

  console.log
    2026-04-08T09:41:02.265Z - POST /api/v1/groups/nonexistent-group/github

      at log (src/index.js:22:11)

  console.log
    2026-04-08T09:41:02.818Z - GET /api/v1/groups/grp_808cd170/github

      at log (src/index.js:22:11)

  console.log
    2026-04-08T09:41:03.406Z - GET /api/v1/groups/grp_7921c586/github

      at log (src/index.js:22:11)

  console.log
    2026-04-08T09:41:03.942Z - GET /api/v1/groups/nonexistent-group/github

      at log (src/index.js:22:11)

  console.log
    2026-04-08T09:41:04.487Z - POST /api/v1/groups/grp_f13b736e/github

      at log (src/index.js:22:11)

  console.log
    2026-04-08T09:41:04.955Z - POST /api/v1/groups/grp_b9cdc1e2/jira

      at log (src/index.js:22:11)

  console.log
    2026-04-08T09:41:05.523Z - POST /api/v1/groups/grp_36ba5c56/jira

      at log (src/index.js:22:11)

  console.log
    2026-04-08T09:41:06.178Z - POST /api/v1/groups/grp_179fabeb/jira

      at log (src/index.js:22:11)

  console.log
    2026-04-08T09:41:07.043Z - POST /api/v1/groups/grp_e2f043be/jira

      at log (src/index.js:22:11)

  console.log
    2026-04-08T09:41:07.560Z - POST /api/v1/groups/grp_44b07c77/jira

      at log (src/index.js:22:11)

  console.log
    2026-04-08T09:41:07.947Z - POST /api/v1/groups/grp_3ec4fe9a/jira

      at log (src/index.js:22:11)

  console.log
    2026-04-08T09:41:07.953Z - POST /api/v1/groups/grp_3ec4fe9a/jira

      at log (src/index.js:22:11)

  console.log
    2026-04-08T09:41:08.908Z - POST /api/v1/groups/grp_f97e6fdd/jira

      at log (src/index.js:22:11)

  console.log
    2026-04-08T09:41:09.493Z - GET /api/v1/groups/grp_2ccb4860/jira

      at log (src/index.js:22:11)

  console.log
    2026-04-08T09:41:10.038Z - GET /api/v1/groups/grp_b67f66df/jira

      at log (src/index.js:22:11)

  console.log
    2026-04-08T09:41:10.468Z - GET /api/v1/groups/nonexistent-group/jira

      at log (src/index.js:22:11)

  console.log
    2026-04-08T09:41:10.968Z - POST /api/v1/groups/grp_7ee977a3/jira

      at log (src/index.js:22:11)

  console.log
    2026-04-08T09:41:10.979Z - GET /api/v1/groups/grp_7ee977a3/jira

      at log (src/index.js:22:11)

  console.log
    2026-04-08T09:41:11.968Z - POST /api/v1/groups/grp_ad5117a6/notifications

      at log (src/index.js:22:11)

  console.log
    2026-04-08T09:41:12.834Z - POST /api/v1/groups/grp_64d33311/notifications

      at log (src/index.js:22:11)

  console.log
    2026-04-08T09:41:14.309Z - POST /api/v1/groups/grp_67d25114/notifications

      at log (src/index.js:22:11)

  console.log
    2026-04-08T09:41:15.604Z - POST /api/v1/groups/grp_15a35cd1/notifications

      at log (src/index.js:22:11)

  console.log
    2026-04-08T09:41:16.560Z - POST /api/v1/groups/grp_29d398f7/notifications

      at log (src/index.js:22:11)

  console.log
    2026-04-08T09:41:17.622Z - POST /api/v1/groups/grp_632df831/notifications

      at log (src/index.js:22:11)

  console.log
    2026-04-08T09:41:18.704Z - POST /api/v1/groups/grp_c2aa1713/notifications

      at log (src/index.js:22:11)

  console.log
    2026-04-08T09:41:19.775Z - POST /api/v1/groups/grp_7cc68275/notifications

      at log (src/index.js:22:11)

  console.log
    2026-04-08T09:41:20.315Z - POST /api/v1/groups/grp_70e24bd4/github

      at log (src/index.js:22:11)

  console.log
    2026-04-08T09:41:20.788Z - POST /api/v1/groups/grp_0a168019/github

      at log (src/index.js:22:11)

  console.log
    2026-04-08T09:41:21.327Z - POST /api/v1/groups/grp_fbb21a8b/github

      at log (src/index.js:22:11)

  console.log
    2026-04-08T09:41:21.828Z - POST /api/v1/groups/grp_b99253e7/github

      at log (src/index.js:22:11)

  console.log
    2026-04-08T09:41:22.380Z - POST /api/v1/groups/grp_9b9b6260/github

      at log (src/index.js:22:11)

  console.log
    2026-04-08T09:41:22.900Z - POST /api/v1/groups/grp_037501a6/jira

      at log (src/index.js:22:11)

  console.log
    2026-04-08T09:41:23.436Z - POST /api/v1/groups/grp_27ff852d/jira

      at log (src/index.js:22:11)

  console.log
    2026-04-08T09:41:24.553Z - POST /api/v1/groups/grp_be4f17ca/notifications

      at log (src/index.js:22:11)

  console.log
    2026-04-08T09:41:25.118Z - POST /api/v1/groups/grp_e1b550e3/github

      at log (src/index.js:22:11)

  console.log
    2026-04-08T09:41:25.608Z - POST /api/v1/groups/grp_557c8461/github

      at log (src/index.js:22:11)

  console.log
    2026-04-08T09:41:26.171Z - POST /api/v1/groups/grp_014ff935/github

      at log (src/index.js:22:11)

  console.log
    2026-04-08T09:41:26.705Z - POST /api/v1/groups/grp_3942a085/github

      at log (src/index.js:22:11)

node.exe : FAIL tests/external-api-github-jira-notifications.test.js (32.405 s)
At C:\Program Files\nodejs\npm.ps1:29 char:3
+   & $NODE_EXE $NPM_CLI_JS $args
+   ~~~~~~~~~~~~~~~~~~~~~~~~~~~~~
    + CategoryInfo          : NotSpecified: (FAIL tests/exte...t.js (32.405 s) 
   :String) [], RemoteException
    + FullyQualifiedErrorId : NativeCommandError
 
  External API Integration: GitHub, JIRA, Notifications
    GitHub Configuration (POST /groups/:groupId/github)
      ├ù should successfully configure GitHub with valid PAT (201 response) (72
2 ms)
      ÔêÜ should return 422 for invalid GitHub PAT (401 from API) (379 ms)
      ├ù should return 422 for invalid GitHub org (404 from API) (539 ms)
      ├ù should retry on timeout and succeed on 2nd attempt (valid scenario) (4
74 ms)
      ├ù should create SyncErrorLog after 3 GitHub API timeouts and return 503 
(487 ms)
      ÔêÜ should return 400 when PAT is missing (447 ms)
      ÔêÜ should return 400 when org is missing (379 ms)
      ├ù should return 403 when non-leader tries to configure GitHub (907 ms)
      ├ù should return 404 when group does not exist (511 ms)
    GitHub Status (GET /groups/:groupId/github)
      ÔêÜ should return connected:true after successful GitHub setup (564 ms)
      ÔêÜ should return connected:false before GitHub setup (584 ms)
      ÔêÜ should return 404 for non-existent group (534 ms)
      ├ù should return connected:false (error state) after failed setup attempt
 (537 ms)
    JIRA Configuration (POST /groups/:groupId/jira)
      ├ù should successfully configure JIRA with valid credentials (201 respons
e) (478 ms)
      ├ù should return 422 for invalid JIRA credentials (401 from API) (678 ms)
      ├ù should return 422 for invalid JIRA project key (404 from API) (857 ms)
      ├ù should retry on timeout and succeed on 2nd attempt (JIRA credentials) 
(545 ms)
      ├ù should create SyncErrorLog after 3 JIRA API timeouts and return 503 (5
14 ms)
      ÔêÜ should return 400 when required JIRA fields are missing (388 ms)
      ÔêÜ should return 403 when non-leader tries to configure JIRA (963 ms)
    JIRA Status (GET /groups/:groupId/jira)
      ÔêÜ should return connected:true after successful JIRA setup (588 ms)
      ÔêÜ should return connected:false before JIRA setup (545 ms)
      ÔêÜ should return 404 for non-existent group (420 ms)
      ÔêÜ should return connected:false (error state) after failed setup attemp
t (519 ms)
    Notification Service (POST /groups/:groupId/notifications)
      ├ù should successfully dispatch notification (200 response with notificat
ion_id) (982 ms)
      ├ù should return 400 when invitee_id is missing (864 ms)
      ├ù should return 404 when invitation not found (1476 ms)
      ├ù should return 403 when non-leader tries to dispatch notification (1294
 ms)
      ├ù should create SyncErrorLog after 3 notification service failures and r
eturn 503 (957 ms)
      ├ù should retry notification dispatch on transient failures (1062 ms)
      ├ù should log notification service 5xx errors and retry (1083 ms)
      ├ù should verify notification error is not silently swallowed when all re
tries fail (1072 ms)
    SyncErrorLog Assertions
      ├ù should contain all required fields when external API fails (541 ms)
      ÔêÜ should not create SyncErrorLog for 4xx errors (no retry) (472 ms)
      ├ù should store the last error message correctly (537 ms)
    Integration: Complete GitHub Setup Flow (f10 ÔåÆ f11 ÔåÆ f12 ÔåÆ f24)
      ├ù should complete full GitHub configuration flow (499 ms)
      ├ù should handle GitHub setup failure with proper error recovery (552 ms)
    Integration: Complete JIRA Setup Flow (f13 ÔåÆ f14 ÔåÆ f15 ÔåÆ f25)
      ├ù should complete full JIRA configuration flow (523 ms)
      ├ù should handle JIRA setup failure with proper error recovery (656 ms)
    Integration: Complete Notification Flow with Error Handling
      ├ù should successfully dispatch notification and record delivery (993 ms)
    Retry Logic: Edge Cases
      ├ù should not retry on client errors (4xx) (565 ms)
      ├ù should retry on 5xx errors (489 ms)
      ├ù should succeed on 2nd timeout retry (563 ms)
      ├ù should fail on 3rd timeout attempt (534 ms)

  ÔùÅ External API Integration: GitHub, JIRA, Notifications ÔÇ║ GitHub Configur
ation (POST /groups/:groupId/github) ÔÇ║ should successfully configure GitHub w
ith valid PAT (201 response)

    expect(received).toBe(expected) // Object.is equality

    Expected: "https://github.com/test-org"
    Received: "https://github.com/test-org/test-repo"

    [0m [90m 141 |[39m       expect(updatedGroup[33m.[39mgithubOrg)[33m.
[39mtoBe([32m'test-org'[39m)[33m;[39m
     [90m 142 |[39m       expect(updatedGroup[33m.[39mgithubPat)[33m.[39m
toBe([32m'ghp_validtoken123'[39m)[33m;[39m
    [31m[1m>[22m[39m[90m 143 |[39m       expect(updatedGroup[33m.[39mgi
thubRepoUrl)[33m.[39mtoBe([32m'https://github.com/test-org'[39m)[33m;[39m
     [90m     |[39m                                          [31m[1m^[22m
[39m
     [90m 144 |[39m
     [90m 145 |[39m       [90m// Verify axios was called correctly[39m
     [90m 146 |[39m       expect(axios[33m.[39m[36mget[39m)[33m.[39mtoH
aveBeenCalledTimes([35m2[39m)[33m;[39m[0m

      at Object.toBe (tests/external-api-github-jira-notifications.test.js:143:
42)

  ÔùÅ External API Integration: GitHub, JIRA, Notifications ÔÇ║ GitHub Configur
ation (POST /groups/:groupId/github) ÔÇ║ should return 422 for invalid GitHub o
rg (404 from API)

    expect(received).toBe(expected) // Object.is equality

    Expected: 422
    Received: 400

    [0m [90m 193 |[39m         })[33m;[39m
     [90m 194 |[39m
    [31m[1m>[22m[39m[90m 195 |[39m       expect(res[33m.[39mstatus)[33
m.[39mtoBe([35m422[39m)[33m;[39m
     [90m     |[39m                          [31m[1m^[22m[39m
     [90m 196 |[39m       expect(res[33m.[39mbody[33m.[39mcode)[33m.[39
mtoBe([32m'ORG_NOT_FOUND'[39m)[33m;[39m
     [90m 197 |[39m
     [90m 198 |[39m       [90m// Should NOT create SyncErrorLog on 4xx error
s[39m[0m

      at Object.toBe (tests/external-api-github-jira-notifications.test.js:195:
26)

  ÔùÅ External API Integration: GitHub, JIRA, Notifications ÔÇ║ GitHub Configur
ation (POST /groups/:groupId/github) ÔÇ║ should retry on timeout and succeed on
 2nd attempt (valid scenario)

    expect(received).toBe(expected) // Object.is equality

    Expected: 201
    Received: 400

    [0m [90m 222 |[39m         })[33m;[39m
     [90m 223 |[39m
    [31m[1m>[22m[39m[90m 224 |[39m       expect(res[33m.[39mstatus)[33
m.[39mtoBe([35m201[39m)[33m;[39m
     [90m     |[39m                          [31m[1m^[22m[39m
     [90m 225 |[39m       expect(res[33m.[39mbody[33m.[39mvalidated)[33m
.[39mtoBe([36mtrue[39m)[33m;[39m
     [90m 226 |[39m
     [90m 227 |[39m       [90m// Should NOT create SyncErrorLog (succeeded b
efore max retries)[39m[0m

      at Object.toBe (tests/external-api-github-jira-notifications.test.js:224:
26)

  ÔùÅ External API Integration: GitHub, JIRA, Notifications ÔÇ║ GitHub Configur
ation (POST /groups/:groupId/github) ÔÇ║ should create SyncErrorLog after 3 Git
Hub API timeouts and return 503

    expect(received).toBe(expected) // Object.is equality

    Expected: 503
    Received: 400

    [0m [90m 248 |[39m         })[33m;[39m
     [90m 249 |[39m
    [31m[1m>[22m[39m[90m 250 |[39m       expect(res[33m.[39mstatus)[33
m.[39mtoBe([35m503[39m)[33m;[39m
     [90m     |[39m                          [31m[1m^[22m[39m
     [90m 251 |[39m       expect(res[33m.[39mbody[33m.[39mcode)[33m.[39
mtoBe([32m'GITHUB_API_UNAVAILABLE'[39m)[33m;[39m
     [90m 252 |[39m
     [90m 253 |[39m       [90m// Verify SyncErrorLog was created[39m[0m

      at Object.toBe (tests/external-api-github-jira-notifications.test.js:250:
26)

  ÔùÅ External API Integration: GitHub, JIRA, Notifications ÔÇ║ GitHub Configur
ation (POST /groups/:groupId/github) ÔÇ║ should return 403 when non-leader trie
s to configure GitHub

    expect(received).toBe(expected) // Object.is equality

    Expected: 403
    Received: 400

    [0m [90m 314 |[39m         })[33m;[39m
     [90m 315 |[39m
    [31m[1m>[22m[39m[90m 316 |[39m       expect(res[33m.[39mstatus)[33
m.[39mtoBe([35m403[39m)[33m;[39m
     [90m     |[39m                          [31m[1m^[22m[39m
     [90m 317 |[39m       expect(res[33m.[39mbody[33m.[39mcode)[33m.[39
mtoBe([32m'FORBIDDEN'[39m)[33m;[39m
     [90m 318 |[39m     })[33m;[39m
     [90m 319 |[39m[0m

      at Object.toBe (tests/external-api-github-jira-notifications.test.js:316:
26)

  ÔùÅ External API Integration: GitHub, JIRA, Notifications ÔÇ║ GitHub Configur
ation (POST /groups/:groupId/github) ÔÇ║ should return 404 when group does not 
exist

    expect(received).toBe(expected) // Object.is equality

    Expected: 404
    Received: 400

    [0m [90m 327 |[39m         })[33m;[39m
     [90m 328 |[39m
    [31m[1m>[22m[39m[90m 329 |[39m       expect(res[33m.[39mstatus)[33
m.[39mtoBe([35m404[39m)[33m;[39m
     [90m     |[39m                          [31m[1m^[22m[39m
     [90m 330 |[39m       expect(res[33m.[39mbody[33m.[39mcode)[33m.[39
mtoBe([32m'GROUP_NOT_FOUND'[39m)[33m;[39m
     [90m 331 |[39m     })[33m;[39m
     [90m 332 |[39m   })[33m;[39m[0m

      at Object.toBe (tests/external-api-github-jira-notifications.test.js:329:
26)

  ÔùÅ External API Integration: GitHub, JIRA, Notifications ÔÇ║ GitHub Status (
GET /groups/:groupId/github) ÔÇ║ should return connected:false (error state) af
ter failed setup attempt

    expect(received).toBe(expected) // Object.is equality

    Expected: 422
    Received: 400

    [0m [90m 389 |[39m         })[33m;[39m
     [90m 390 |[39m
    [31m[1m>[22m[39m[90m 391 |[39m       expect(failRes[33m.[39mstatus)
[33m.[39mtoBe([35m422[39m)[33m;[39m
     [90m     |[39m                              [31m[1m^[22m[39m
     [90m 392 |[39m
     [90m 393 |[39m       [90m// Second: GET should show connected:false (er
ror state)[39m
     [90m 394 |[39m       [36mconst[39m getRes [33m=[39m [36mawait[39m 
request(app)[0m

      at Object.toBe (tests/external-api-github-jira-notifications.test.js:391:
30)

  ÔùÅ External API Integration: GitHub, JIRA, Notifications ÔÇ║ JIRA Configurat
ion (POST /groups/:groupId/jira) ÔÇ║ should successfully configure JIRA with va
lid credentials (201 response)

    expect(received).toBe(expected) // Object.is equality

    Expected: 201
    Received: 422

    [0m [90m 428 |[39m         })[33m;[39m
     [90m 429 |[39m
    [31m[1m>[22m[39m[90m 430 |[39m       expect(res[33m.[39mstatus)[33
m.[39mtoBe([35m201[39m)[33m;[39m
     [90m     |[39m                          [31m[1m^[22m[39m
     [90m 431 |[39m       expect(res[33m.[39mbody)[33m.[39mtoHaveProperty
([32m'project_id'[39m[33m,[39m [32m'10000'[39m)[33m;[39m
     [90m 432 |[39m       expect(res[33m.[39mbody)[33m.[39mtoHaveProperty
([32m'project_key'[39m[33m,[39m [32m'PROJ'[39m)[33m;[39m
     [90m 433 |[39m       expect(res[33m.[39mbody)[33m.[39mtoHaveProperty
([32m'binding'[39m[33m,[39m [32m'confirmed'[39m)[33m;[39m[0m

      at Object.toBe (tests/external-api-github-jira-notifications.test.js:430:
26)

  ÔùÅ External API Integration: GitHub, JIRA, Notifications ÔÇ║ JIRA Configurat
ion (POST /groups/:groupId/jira) ÔÇ║ should return 422 for invalid JIRA credent
ials (401 from API)

    expect(received).toBe(expected) // Object.is equality

    Expected: 422
    Received: 201

    [0m [90m 464 |[39m         })[33m;[39m
     [90m 465 |[39m
    [31m[1m>[22m[39m[90m 466 |[39m       expect(res[33m.[39mstatus)[33
m.[39mtoBe([35m422[39m)[33m;[39m
     [90m     |[39m                          [31m[1m^[22m[39m
     [90m 467 |[39m       expect(res[33m.[39mbody[33m.[39mcode)[33m.[39
mtoBe([32m'INVALID_JIRA_CREDENTIALS'[39m)[33m;[39m
     [90m 468 |[39m
     [90m 469 |[39m       [90m// Should NOT create SyncErrorLog on 4xx error
s[39m[0m

      at Object.toBe (tests/external-api-github-jira-notifications.test.js:466:
26)

  ÔùÅ External API Integration: GitHub, JIRA, Notifications ÔÇ║ JIRA Configurat
ion (POST /groups/:groupId/jira) ÔÇ║ should return 422 for invalid JIRA project
 key (404 from API)

    expect(received).toBe(expected) // Object.is equality

    Expected: 422
    Received: 503

    [0m [90m 490 |[39m         })[33m;[39m
     [90m 491 |[39m
    [31m[1m>[22m[39m[90m 492 |[39m       expect(res[33m.[39mstatus)[33
m.[39mtoBe([35m422[39m)[33m;[39m
     [90m     |[39m                          [31m[1m^[22m[39m
     [90m 493 |[39m       expect(res[33m.[39mbody[33m.[39mcode)[33m.[39
mtoBe([32m'INVALID_PROJECT_KEY'[39m)[33m;[39m
     [90m 494 |[39m
     [90m 495 |[39m       [90m// Should NOT create SyncErrorLog on 4xx error
s[39m[0m

      at Object.toBe (tests/external-api-github-jira-notifications.test.js:492:
26)

  ÔùÅ External API Integration: GitHub, JIRA, Notifications ÔÇ║ JIRA Configurat
ion (POST /groups/:groupId/jira) ÔÇ║ should retry on timeout and succeed on 2nd
 attempt (JIRA credentials)

    expect(received).toBe(expected) // Object.is equality

    Expected: 201
    Received: 422

    [0m [90m 520 |[39m         })[33m;[39m
     [90m 521 |[39m
    [31m[1m>[22m[39m[90m 522 |[39m       expect(res[33m.[39mstatus)[33
m.[39mtoBe([35m201[39m)[33m;[39m
     [90m     |[39m                          [31m[1m^[22m[39m
     [90m 523 |[39m       expect(res[33m.[39mbody[33m.[39mbinding)[33m.
[39mtoBe([32m'confirmed'[39m)[33m;[39m
     [90m 524 |[39m
     [90m 525 |[39m       [90m// Should NOT create SyncErrorLog (succeeded b
efore max retries)[39m[0m

      at Object.toBe (tests/external-api-github-jira-notifications.test.js:522:
26)

  ÔùÅ External API Integration: GitHub, JIRA, Notifications ÔÇ║ JIRA Configurat
ion (POST /groups/:groupId/jira) ÔÇ║ should create SyncErrorLog after 3 JIRA AP
I timeouts and return 503

    expect(received).toBe(expected) // Object.is equality

    Expected: 503
    Received: 201

    [0m [90m 545 |[39m         })[33m;[39m
     [90m 546 |[39m
    [31m[1m>[22m[39m[90m 547 |[39m       expect(res[33m.[39mstatus)[33
m.[39mtoBe([35m503[39m)[33m;[39m
     [90m     |[39m                          [31m[1m^[22m[39m
     [90m 548 |[39m       expect(res[33m.[39mbody[33m.[39mcode)[33m.[39
mtoBe([32m'JIRA_API_UNAVAILABLE'[39m)[33m;[39m
     [90m 549 |[39m
     [90m 550 |[39m       [90m// Verify SyncErrorLog was created[39m[0m

      at Object.toBe (tests/external-api-github-jira-notifications.test.js:547:
26)

  ÔùÅ External API Integration: GitHub, JIRA, Notifications ÔÇ║ Notification Se
rvice (POST /groups/:groupId/notifications) ÔÇ║ should successfully dispatch no
tification (200 response with notification_id)

    expect(received).toBe(expected) // Object.is equality

    Expected: 201
    Received: 400

    [0m [90m 754 |[39m         })[33m;[39m
     [90m 755 |[39m
    [31m[1m>[22m[39m[90m 756 |[39m       expect(res[33m.[39mstatus)[33
m.[39mtoBe([35m201[39m)[33m;[39m
     [90m     |[39m                          [31m[1m^[22m[39m
     [90m 757 |[39m       expect(res[33m.[39mbody)[33m.[39mtoHaveProperty
([32m'notification_id'[39m)[33m;[39m
     [90m 758 |[39m       expect(res[33m.[39mbody)[33m.[39mtoHaveProperty
([32m'invitee_id'[39m[33m,[39m invitee[33m.[39muserId)[33m;[39m
     [90m 759 |[39m       expect(res[33m.[39mbody)[33m.[39mtoHaveProperty
([32m'notified_at'[39m)[33m;[39m[0m

      at Object.toBe (tests/external-api-github-jira-notifications.test.js:756:
26)

  ÔùÅ External API Integration: GitHub, JIRA, Notifications ÔÇ║ Notification Se
rvice (POST /groups/:groupId/notifications) ÔÇ║ should return 400 when invitee_
id is missing

    expect(received).toBe(expected) // Object.is equality

    Expected: "MISSING_INVITEE_ID"
    Received: "MISSING_RECIPIENTS"

    [0m [90m 775 |[39m
     [90m 776 |[39m       expect(res[33m.[39mstatus)[33m.[39mtoBe([35m40
0[39m)[33m;[39m
    [31m[1m>[22m[39m[90m 777 |[39m       expect(res[33m.[39mbody[33m.
[39mcode)[33m.[39mtoBe([32m'MISSING_INVITEE_ID'[39m)[33m;[39m
     [90m     |[39m                             [31m[1m^[22m[39m
     [90m 778 |[39m     })[33m;[39m
     [90m 779 |[39m
     [90m 780 |[39m     it([32m'should return 404 when invitation not found'
[39m[33m,[39m [36masync[39m () [33m=>[39m {[0m

      at Object.toBe (tests/external-api-github-jira-notifications.test.js:777:
29)

  ÔùÅ External API Integration: GitHub, JIRA, Notifications ÔÇ║ Notification Se
rvice (POST /groups/:groupId/notifications) ÔÇ║ should return 404 when invitati
on not found

    expect(received).toBe(expected) // Object.is equality

    Expected: 404
    Received: 400

    [0m [90m 795 |[39m         })[33m;[39m
     [90m 796 |[39m
    [31m[1m>[22m[39m[90m 797 |[39m       expect(res[33m.[39mstatus)[33
m.[39mtoBe([35m404[39m)[33m;[39m
     [90m     |[39m                          [31m[1m^[22m[39m
     [90m 798 |[39m       expect(res[33m.[39mbody[33m.[39mcode)[33m.[39
mtoBe([32m'INVITATION_NOT_FOUND'[39m)[33m;[39m
     [90m 799 |[39m     })[33m;[39m
     [90m 800 |[39m[0m

      at Object.toBe (tests/external-api-github-jira-notifications.test.js:797:
26)

  ÔùÅ External API Integration: GitHub, JIRA, Notifications ÔÇ║ Notification Se
rvice (POST /groups/:groupId/notifications) ÔÇ║ should return 403 when non-lead
er tries to dispatch notification

    expect(received).toBe(expected) // Object.is equality

    Expected: 403
    Received: 400

    [0m [90m 818 |[39m         })[33m;[39m
     [90m 819 |[39m
    [31m[1m>[22m[39m[90m 820 |[39m       expect(res[33m.[39mstatus)[33
m.[39mtoBe([35m403[39m)[33m;[39m
     [90m     |[39m                          [31m[1m^[22m[39m
     [90m 821 |[39m       expect(res[33m.[39mbody[33m.[39mcode)[33m.[39
mtoBe([32m'FORBIDDEN'[39m)[33m;[39m
     [90m 822 |[39m     })[33m;[39m
     [90m 823 |[39m[0m

      at Object.toBe (tests/external-api-github-jira-notifications.test.js:820:
26)

  ÔùÅ External API Integration: GitHub, JIRA, Notifications ÔÇ║ Notification Se
rvice (POST /groups/:groupId/notifications) ÔÇ║ should create SyncErrorLog afte
r 3 notification service failures and return 503

    expect(received).toBe(expected) // Object.is equality

    Expected: 503
    Received: 400

    [0m [90m 836 |[39m         })[33m;[39m
     [90m 837 |[39m
    [31m[1m>[22m[39m[90m 838 |[39m       expect(res[33m.[39mstatus)[33
m.[39mtoBe([35m503[39m)[33m;[39m
     [90m     |[39m                          [31m[1m^[22m[39m
     [90m 839 |[39m       expect(res[33m.[39mbody[33m.[39mcode)[33m.[39
mtoBe([32m'NOTIFICATION_SERVICE_UNAVAILABLE'[39m)[33m;[39m
     [90m 840 |[39m
     [90m 841 |[39m       [90m// Verify SyncErrorLog was created (error not 
silently swallowed)[39m[0m

      at Object.toBe (tests/external-api-github-jira-notifications.test.js:838:
26)

  ÔùÅ External API Integration: GitHub, JIRA, Notifications ÔÇ║ Notification Se
rvice (POST /groups/:groupId/notifications) ÔÇ║ should retry notification dispa
tch on transient failures

    expect(received).toBe(expected) // Object.is equality

    Expected: 201
    Received: 400

    [0m [90m 872 |[39m         })[33m;[39m
     [90m 873 |[39m
    [31m[1m>[22m[39m[90m 874 |[39m       expect(res[33m.[39mstatus)[33
m.[39mtoBe([35m201[39m)[33m;[39m
     [90m     |[39m                          [31m[1m^[22m[39m
     [90m 875 |[39m       expect(res[33m.[39mbody)[33m.[39mtoHaveProperty
([32m'notification_id'[39m)[33m;[39m
     [90m 876 |[39m
     [90m 877 |[39m       [90m// Should NOT create SyncErrorLog (succeeded b
efore max retries)[39m[0m

      at Object.toBe (tests/external-api-github-jira-notifications.test.js:874:
26)

  ÔùÅ External API Integration: GitHub, JIRA, Notifications ÔÇ║ Notification Se
rvice (POST /groups/:groupId/notifications) ÔÇ║ should log notification service
 5xx errors and retry

    expect(received).toBe(expected) // Object.is equality

    Expected: 201
    Received: 400

    [0m [90m 908 |[39m         })[33m;[39m
     [90m 909 |[39m
    [31m[1m>[22m[39m[90m 910 |[39m       expect(res[33m.[39mstatus)[33
m.[39mtoBe([35m201[39m)[33m;[39m
     [90m     |[39m                          [31m[1m^[22m[39m
     [90m 911 |[39m       expect(res[33m.[39mbody[33m.[39mnotification_id
)[33m.[39mtoBeDefined()[33m;[39m
     [90m 912 |[39m
     [90m 913 |[39m       [90m// Should NOT create SyncErrorLog (succeeded o
n 3rd attempt)[39m[0m

      at Object.toBe (tests/external-api-github-jira-notifications.test.js:910:
26)

  ÔùÅ External API Integration: GitHub, JIRA, Notifications ÔÇ║ Notification Se
rvice (POST /groups/:groupId/notifications) ÔÇ║ should verify notification erro
r is not silently swallowed when all retries fail

    expect(received).toBe(expected) // Object.is equality

    Expected: 503
    Received: 400

    [0m [90m 934 |[39m
     [90m 935 |[39m       [90m// Error is NOT silently swallowed ÔÇö returns
 503[39m
    [31m[1m>[22m[39m[90m 936 |[39m       expect(res[33m.[39mstatus)[33
m.[39mtoBe([35m503[39m)[33m;[39m
     [90m     |[39m                          [31m[1m^[22m[39m
     [90m 937 |[39m       expect(res[33m.[39mbody)[33m.[39mtoHaveProperty
([32m'code'[39m[33m,[39m [32m'NOTIFICATION_SERVICE_UNAVAILABLE'[39m)[33m
;[39m
     [90m 938 |[39m
     [90m 939 |[39m       [90m// Error is logged in SyncErrorLog (not swallo
wed)[39m[0m

      at Object.toBe (tests/external-api-github-jira-notifications.test.js:936:
26)

  ÔùÅ External API Integration: GitHub, JIRA, Notifications ÔÇ║ SyncErrorLog As
sertions ÔÇ║ should contain all required fields when external API fails

    expect(received).toBe(expected) // Object.is equality

    Expected: 1
    Received: 0

    [0m [90m 972 |[39m       })[33m;[39m
     [90m 973 |[39m
    [31m[1m>[22m[39m[90m 974 |[39m       expect(syncLogs[33m.[39mlength
)[33m.[39mtoBe([35m1[39m)[33m;[39m
     [90m     |[39m                               [31m[1m^[22m[39m
     [90m 975 |[39m
     [90m 976 |[39m       [36mconst[39m log [33m=[39m syncLogs[[35m0[39
m][33m;[39m
     [90m 977 |[39m[0m

      at Object.toBe (tests/external-api-github-jira-notifications.test.js:974:
31)

  ÔùÅ External API Integration: GitHub, JIRA, Notifications ÔÇ║ SyncErrorLog As
sertions ÔÇ║ should store the last error message correctly

    TypeError: Cannot read properties of null (reading 'lastError')

    [0m [90m 1029 |[39m       })[33m;[39m
     [90m 1030 |[39m
    [31m[1m>[22m[39m[90m 1031 |[39m       expect(syncLog[33m.[39mlastEr
ror)[33m.[39mtoBeDefined()[33m;[39m
     [90m      |[39m                      [31m[1m^[22m[39m
     [90m 1032 |[39m       expect(syncLog[33m.[39mlastError)[33m.[39mtoCo
ntain([32m'Connection refused'[39m)[33m;[39m
     [90m 1033 |[39m     })[33m;[39m
     [90m 1034 |[39m   })[33m;[39m[0m

      at Object.lastError (tests/external-api-github-jira-notifications.test.js
:1031:22)

  ÔùÅ External API Integration: GitHub, JIRA, Notifications ÔÇ║ Integration: Co
mplete GitHub Setup Flow (f10 ÔåÆ f11 ÔåÆ f12 ÔåÆ f24) ÔÇ║ should complete full
 GitHub configuration flow

    expect(received).toBe(expected) // Object.is equality

    Expected: 201
    Received: 400

    [0m [90m 1061 |[39m         })[33m;[39m
     [90m 1062 |[39m
    [31m[1m>[22m[39m[90m 1063 |[39m       expect(res[33m.[39mstatus)[3
3m.[39mtoBe([35m201[39m)[33m;[39m
     [90m      |[39m                          [31m[1m^[22m[39m
     [90m 1064 |[39m       expect(res[33m.[39mbody[33m.[39mvalidated)[33
m.[39mtoBe([36mtrue[39m)[33m;[39m
     [90m 1065 |[39m
     [90m 1066 |[39m       [90m// Verify f24: stored in D2[39m[0m

      at Object.toBe (tests/external-api-github-jira-notifications.test.js:1063
:26)

  ÔùÅ External API Integration: GitHub, JIRA, Notifications ÔÇ║ Integration: Co
mplete GitHub Setup Flow (f10 ÔåÆ f11 ÔåÆ f12 ÔåÆ f24) ÔÇ║ should handle GitHub
 setup failure with proper error recovery

    expect(received).toBe(expected) // Object.is equality

    Expected: 503
    Received: 400

    [0m [90m 1094 |[39m         })[33m;[39m
     [90m 1095 |[39m
    [31m[1m>[22m[39m[90m 1096 |[39m       expect(res[33m.[39mstatus)[3
3m.[39mtoBe([35m503[39m)[33m;[39m
     [90m      |[39m                          [31m[1m^[22m[39m
     [90m 1097 |[39m
     [90m 1098 |[39m       [90m// Verify sync error was logged[39m
     [90m 1099 |[39m       [36mconst[39m syncLogs [33m=[39m [36mawait[3
9m [33mSyncErrorLog[39m[33m.[39mfind({[0m

      at Object.toBe (tests/external-api-github-jira-notifications.test.js:1096
:26)

  ÔùÅ External API Integration: GitHub, JIRA, Notifications ÔÇ║ Integration: Co
mplete JIRA Setup Flow (f13 ÔåÆ f14 ÔåÆ f15 ÔåÆ f25) ÔÇ║ should complete full J
IRA configuration flow

    expect(received).toBe(expected) // Object.is equality

    Expected: 201
    Received: 422

    [0m [90m 1138 |[39m         })[33m;[39m
     [90m 1139 |[39m
    [31m[1m>[22m[39m[90m 1140 |[39m       expect(res[33m.[39mstatus)[3
3m.[39mtoBe([35m201[39m)[33m;[39m
     [90m      |[39m                          [31m[1m^[22m[39m
     [90m 1141 |[39m       expect(res[33m.[39mbody[33m.[39mbinding)[33m.
[39mtoBe([32m'confirmed'[39m)[33m;[39m
     [90m 1142 |[39m
     [90m 1143 |[39m       [90m// Verify f25: stored in D2[39m[0m

      at Object.toBe (tests/external-api-github-jira-notifications.test.js:1140
:26)

  ÔùÅ External API Integration: GitHub, JIRA, Notifications ÔÇ║ Integration: Co
mplete JIRA Setup Flow (f13 ÔåÆ f14 ÔåÆ f15 ÔåÆ f25) ÔÇ║ should handle JIRA set
up failure with proper error recovery

    expect(received).toBe(expected) // Object.is equality

    Expected: 503
    Received: 201

    [0m [90m 1174 |[39m         })[33m;[39m
     [90m 1175 |[39m
    [31m[1m>[22m[39m[90m 1176 |[39m       expect(res[33m.[39mstatus)[3
3m.[39mtoBe([35m503[39m)[33m;[39m
     [90m      |[39m                          [31m[1m^[22m[39m
     [90m 1177 |[39m
     [90m 1178 |[39m       [90m// Verify sync error was logged[39m
     [90m 1179 |[39m       [36mconst[39m syncLogs [33m=[39m [36mawait[3
9m [33mSyncErrorLog[39m[33m.[39mfind({[0m

      at Object.toBe (tests/external-api-github-jira-notifications.test.js:1176
:26)

  ÔùÅ External API Integration: GitHub, JIRA, Notifications ÔÇ║ Integration: Co
mplete Notification Flow with Error Handling ÔÇ║ should successfully dispatch n
otification and record delivery

    expect(received).toBe(expected) // Object.is equality

    Expected: 201
    Received: 400

    [0m [90m 1229 |[39m         })[33m;[39m
     [90m 1230 |[39m
    [31m[1m>[22m[39m[90m 1231 |[39m       expect(res[33m.[39mstatus)[3
3m.[39mtoBe([35m201[39m)[33m;[39m
     [90m      |[39m                          [31m[1m^[22m[39m
     [90m 1232 |[39m       expect(res[33m.[39mbody[33m.[39mnotification_i
d)[33m.[39mtoBeDefined()[33m;[39m
     [90m 1233 |[39m       expect(res[33m.[39mbody)[33m.[39mtoHavePropert
y([32m'delivered_to'[39m)[33m;[39m
     [90m 1234 |[39m[0m

      at Object.toBe (tests/external-api-github-jira-notifications.test.js:1231
:26)

  ÔùÅ External API Integration: GitHub, JIRA, Notifications ÔÇ║ Retry Logic: Ed
ge Cases ÔÇ║ should not retry on client errors (4xx)

    expect(received).toBe(expected) // Object.is equality

    Expected: 422
    Received: 400

    [0m [90m 1262 |[39m         })[33m;[39m
     [90m 1263 |[39m
    [31m[1m>[22m[39m[90m 1264 |[39m       expect(res[33m.[39mstatus)[3
3m.[39mtoBe([35m422[39m)[33m;[39m
     [90m      |[39m                          [31m[1m^[22m[39m
     [90m 1265 |[39m
     [90m 1266 |[39m       [90m// Verify only 1 call was made (no retries)[
39m
     [90m 1267 |[39m       expect(axios[33m.[39m[36mget[39m)[33m.[39mto
HaveBeenCalledTimes([35m1[39m)[33m;[39m[0m

      at Object.toBe (tests/external-api-github-jira-notifications.test.js:1264
:26)

  ÔùÅ External API Integration: GitHub, JIRA, Notifications ÔÇ║ Retry Logic: Ed
ge Cases ÔÇ║ should retry on 5xx errors

    expect(received).toBe(expected) // Object.is equality

    Expected: 201
    Received: 400

    [0m [90m 1299 |[39m         })[33m;[39m
     [90m 1300 |[39m
    [31m[1m>[22m[39m[90m 1301 |[39m       expect(res[33m.[39mstatus)[3
3m.[39mtoBe([35m201[39m)[33m;[39m
     [90m      |[39m                          [31m[1m^[22m[39m
     [90m 1302 |[39m       expect(res[33m.[39mbody[33m.[39mvalidated)[33
m.[39mtoBe([36mtrue[39m)[33m;[39m
     [90m 1303 |[39m
     [90m 1304 |[39m       [90m// Verify retries happened (3 calls: retry on
 5xx, then org data)[39m[0m

      at Object.toBe (tests/external-api-github-jira-notifications.test.js:1301
:26)

  ÔùÅ External API Integration: GitHub, JIRA, Notifications ÔÇ║ Retry Logic: Ed
ge Cases ÔÇ║ should succeed on 2nd timeout retry

    expect(received).toBe(expected) // Object.is equality

    Expected: 201
    Received: 400

    [0m [90m 1327 |[39m         })[33m;[39m
     [90m 1328 |[39m
    [31m[1m>[22m[39m[90m 1329 |[39m       expect(res[33m.[39mstatus)[3
3m.[39mtoBe([35m201[39m)[33m;[39m
     [90m      |[39m                          [31m[1m^[22m[39m
     [90m 1330 |[39m     })[33m;[39m
     [90m 1331 |[39m
     [90m 1332 |[39m     it([32m'should fail on 3rd timeout attempt'[39m[3
3m,[39m [36masync[39m () [33m=>[39m {[0m

      at Object.toBe (tests/external-api-github-jira-notifications.test.js:1329
:26)

  ÔùÅ External API Integration: GitHub, JIRA, Notifications ÔÇ║ Retry Logic: Ed
ge Cases ÔÇ║ should fail on 3rd timeout attempt

    expect(received).toBe(expected) // Object.is equality

    Expected: 503
    Received: 400

    [0m [90m 1344 |[39m         })[33m;[39m
     [90m 1345 |[39m
    [31m[1m>[22m[39m[90m 1346 |[39m       expect(res[33m.[39mstatus)[3
3m.[39mtoBe([35m503[39m)[33m;[39m
     [90m      |[39m                          [31m[1m^[22m[39m
     [90m 1347 |[39m
     [90m 1348 |[39m       [36mconst[39m syncLogs [33m=[39m [36mawait[3
9m [33mSyncErrorLog[39m[33m.[39mfind({
     [90m 1349 |[39m         groupId[33m:[39m group[33m.[39mgroupId[33m,
[39m[0m

      at Object.toBe (tests/external-api-github-jira-notifications.test.js:1346
:26)

Test Suites: 1 failed, 1 total
Tests:       31 failed, 13 passed, 44 total
Snapshots:   0 total
Time:        32.514 s
Ran all test suites matching /external-api-github-jira-notifications.test.js/i.
