
> senior-app-backend@1.0.0 test
> jest deliverable-notifications.test.js

  console.warn
    [TEST] MongoDB Memory Server started

    [0m [90m 71 |[39m   }[33m;[39m
     [90m 72 |[39m
    [31m[1m>[22m[39m[90m 73 |[39m   console[33m.[39mwarn([32m'[TEST] MongoDB Memory Server started'[39m)[33m;[39m
     [90m    |[39m           [31m[1m^[22m[39m
     [90m 74 |[39m }[33m,[39m [35m60000[39m)[33m;[39m
     [90m 75 |[39m
     [90m 76 |[39m afterAll([36masync[39m () [33m=>[39m {[0m

      at Object.warn (tests/deliverable-notifications.test.js:73:11)

  console.log
    [Notification] Dispatch attempt 1/3 for committeeId: com_1776190397113

      at log (src/services/notificationRetry.js:114:15)

  console.log
    [Notification] Dispatch returned failure:

      at log (src/services/notificationRetry.js:132:15)

  console.log
    [Notification] Transient error, retrying after 100ms...

      at log (src/services/notificationRetry.js:164:15)

  console.log
    [Notification] Dispatch attempt 2/3 for committeeId: com_1776190397113

      at log (src/services/notificationRetry.js:114:15)

  console.log
    [Notification] Dispatch returned failure:

      at log (src/services/notificationRetry.js:132:15)

  console.log
    [Notification] Transient error, retrying after 200ms...

      at log (src/services/notificationRetry.js:164:15)

  console.log
    [Notification] Dispatch attempt 3/3 for committeeId: com_1776190397113

      at log (src/services/notificationRetry.js:114:15)

  console.log
    [Notification] Dispatch returned failure:

      at log (src/services/notificationRetry.js:132:15)

  console.log
    [Notification] All 3 attempts exhausted for committeeId: com_1776190397113

      at log (src/services/notificationRetry.js:169:11)

  console.log
    [Notification] Dispatch attempt 1/3 for committeeId: com_1776190397750

      at log (src/services/notificationRetry.js:114:15)

  console.log
    [Notification] Dispatch returned failure:

      at log (src/services/notificationRetry.js:132:15)

  console.log
    [Notification] Transient error, retrying after 100ms...

      at log (src/services/notificationRetry.js:164:15)

  console.log
    [Notification] Dispatch attempt 2/3 for committeeId: com_1776190397750

      at log (src/services/notificationRetry.js:114:15)

  console.log
    [Notification] Dispatch returned failure:

      at log (src/services/notificationRetry.js:132:15)

  console.log
    [Notification] Transient error, retrying after 200ms...

      at log (src/services/notificationRetry.js:164:15)

  console.log
    [Notification] Dispatch attempt 3/3 for committeeId: com_1776190397750

      at log (src/services/notificationRetry.js:114:15)

  console.log
    [Notification] Dispatch returned failure:

      at log (src/services/notificationRetry.js:132:15)

  console.log
    [Notification] All 3 attempts exhausted for committeeId: com_1776190397750

      at log (src/services/notificationRetry.js:169:11)

  console.log
    [Notification] Dispatch attempt 1/3 for committeeId: com_1776190398090

      at log (src/services/notificationRetry.js:114:15)

  console.log
    [Notification] Dispatch returned failure:

      at log (src/services/notificationRetry.js:132:15)

  console.log
    [Notification] Transient error, retrying after 100ms...

      at log (src/services/notificationRetry.js:164:15)

  console.log
    [Notification] Dispatch attempt 2/3 for committeeId: com_1776190398090

      at log (src/services/notificationRetry.js:114:15)

  console.log
    [Notification] Dispatch returned failure:

      at log (src/services/notificationRetry.js:132:15)

  console.log
    [Notification] Transient error, retrying after 200ms...

      at log (src/services/notificationRetry.js:164:15)

  console.log
    [Notification] Dispatch attempt 3/3 for committeeId: com_1776190398090

      at log (src/services/notificationRetry.js:114:15)

  console.log
    [Notification] Dispatch returned failure:

      at log (src/services/notificationRetry.js:132:15)

  console.log
    [Notification] All 3 attempts exhausted for committeeId: com_1776190398090

      at log (src/services/notificationRetry.js:169:11)

  console.log
    [Notification] Dispatch attempt 1/3 for committeeId: com_empty

      at log (src/services/notificationRetry.js:114:15)

  console.log
    [Notification] Dispatch returned failure:

      at log (src/services/notificationRetry.js:132:15)

  console.log
    [Notification] Transient error, retrying after 100ms...

      at log (src/services/notificationRetry.js:164:15)

  console.log
    [Notification] Dispatch attempt 2/3 for committeeId: com_empty

      at log (src/services/notificationRetry.js:114:15)

  console.log
    [Notification] Dispatch returned failure:

      at log (src/services/notificationRetry.js:132:15)

  console.log
    [Notification] Transient error, retrying after 200ms...

      at log (src/services/notificationRetry.js:164:15)

  console.log
    [Notification] Dispatch attempt 3/3 for committeeId: com_empty

      at log (src/services/notificationRetry.js:114:15)

  console.log
    [Notification] Dispatch returned failure:

      at log (src/services/notificationRetry.js:132:15)

  console.log
    [Notification] All 3 attempts exhausted for committeeId: com_empty

      at log (src/services/notificationRetry.js:169:11)

  console.log
    [Notification] Dispatch attempt 1/3 for committeeId: com_001

      at log (src/services/notificationRetry.js:114:15)

  console.log
    [Notification] Dispatch returned failure:

      at log (src/services/notificationRetry.js:132:15)

  console.log
    [Notification] Transient error, retrying after 100ms...

      at log (src/services/notificationRetry.js:164:15)

  console.log
    [Notification] Dispatch attempt 2/3 for committeeId: com_001

      at log (src/services/notificationRetry.js:114:15)

  console.log
    [Notification] Dispatch returned failure:

      at log (src/services/notificationRetry.js:132:15)

  console.log
    [Notification] Transient error, retrying after 200ms...

      at log (src/services/notificationRetry.js:164:15)

  console.log
    [Notification] Dispatch attempt 3/3 for committeeId: com_001

      at log (src/services/notificationRetry.js:114:15)

  console.log
    [Notification] Dispatch returned failure:

      at log (src/services/notificationRetry.js:132:15)

  console.log
    [Notification] All 3 attempts exhausted for committeeId: com_001

      at log (src/services/notificationRetry.js:169:11)

  console.log
    [Notification] Dispatch attempt 1/3 for committeeId: com_002

      at log (src/services/notificationRetry.js:114:15)

  console.log
    [Notification] Dispatch returned failure:

      at log (src/services/notificationRetry.js:132:15)

  console.log
    [Notification] Transient error, retrying after 100ms...

      at log (src/services/notificationRetry.js:164:15)

  console.log
    [Notification] Dispatch attempt 2/3 for committeeId: com_002

      at log (src/services/notificationRetry.js:114:15)

  console.log
    [Notification] Dispatch returned failure:

      at log (src/services/notificationRetry.js:132:15)

  console.log
    [Notification] Transient error, retrying after 200ms...

      at log (src/services/notificationRetry.js:164:15)

  console.log
    [Notification] Dispatch attempt 3/3 for committeeId: com_002

      at log (src/services/notificationRetry.js:114:15)

  console.log
    [Notification] Dispatch returned failure:

      at log (src/services/notificationRetry.js:132:15)

  console.log
    [Notification] All 3 attempts exhausted for committeeId: com_002

      at log (src/services/notificationRetry.js:169:11)

  console.log
    [Notification] Dispatch attempt 1/3 for committeeId: com_fail

      at log (src/services/notificationRetry.js:114:15)

  console.log
    [Notification] Dispatch returned failure:

      at log (src/services/notificationRetry.js:132:15)

  console.log
    [Notification] Transient error, retrying after 100ms...

      at log (src/services/notificationRetry.js:164:15)

  console.log
    [Notification] Dispatch attempt 2/3 for committeeId: com_fail

      at log (src/services/notificationRetry.js:114:15)

  console.log
    [Notification] Dispatch returned failure:

      at log (src/services/notificationRetry.js:132:15)

  console.log
    [Notification] Transient error, retrying after 200ms...

      at log (src/services/notificationRetry.js:164:15)

  console.log
    [Notification] Dispatch attempt 3/3 for committeeId: com_fail

      at log (src/services/notificationRetry.js:114:15)

  console.log
    [Notification] Dispatch returned failure:

      at log (src/services/notificationRetry.js:132:15)

  console.log
    [Notification] All 3 attempts exhausted for committeeId: com_fail

      at log (src/services/notificationRetry.js:169:11)

  console.log
    [Notification] Dispatch attempt 1/3 for committeeId: com_1776190399927

      at log (src/services/notificationRetry.js:114:15)

  console.log
    [Notification] Dispatch returned failure:

      at log (src/services/notificationRetry.js:132:15)

  console.log
    [Notification] Transient error, retrying after 100ms...

      at log (src/services/notificationRetry.js:164:15)

  console.log
    [Notification] Dispatch attempt 2/3 for committeeId: com_1776190399927

      at log (src/services/notificationRetry.js:114:15)

  console.log
    [Notification] Dispatch returned failure:

      at log (src/services/notificationRetry.js:132:15)

  console.log
    [Notification] Transient error, retrying after 200ms...

      at log (src/services/notificationRetry.js:164:15)

  console.log
    [Notification] Dispatch attempt 3/3 for committeeId: com_1776190399927

      at log (src/services/notificationRetry.js:114:15)

  console.log
    [Notification] Dispatch returned failure:

      at log (src/services/notificationRetry.js:132:15)

  console.log
    [Notification] All 3 attempts exhausted for committeeId: com_1776190399927

      at log (src/services/notificationRetry.js:169:11)

  console.log
    [Notification] Dispatch attempt 1/3 for committeeId: com_retry

      at Object.log [as retryNotificationWithBackoff] (src/services/notificationRetry.js:114:15)

  console.log
    [Notification] Dispatch returned failure: ECONNREFUSED

      at Object.log [as retryNotificationWithBackoff] (src/services/notificationRetry.js:132:15)

  console.log
    [Notification] Transient error, retrying after 100ms...

      at Object.log [as retryNotificationWithBackoff] (src/services/notificationRetry.js:164:15)

  console.log
    [Notification] Dispatch attempt 2/3 for committeeId: com_retry

      at Object.log [as retryNotificationWithBackoff] (src/services/notificationRetry.js:114:15)

  console.log
    [Notification] Dispatch returned failure: ECONNREFUSED

      at Object.log [as retryNotificationWithBackoff] (src/services/notificationRetry.js:132:15)

  console.log
    [Notification] Transient error, retrying after 200ms...

      at Object.log [as retryNotificationWithBackoff] (src/services/notificationRetry.js:164:15)

  console.log
    [Notification] Dispatch attempt 3/3 for committeeId: com_retry

      at Object.log [as retryNotificationWithBackoff] (src/services/notificationRetry.js:114:15)

  console.log
    [Notification] Dispatch returned failure: ECONNREFUSED

      at Object.log [as retryNotificationWithBackoff] (src/services/notificationRetry.js:132:15)

  console.log
    [Notification] All 3 attempts exhausted for committeeId: com_retry

      at Object.log [as retryNotificationWithBackoff] (src/services/notificationRetry.js:169:11)

  console.log
    [Notification] Dispatch attempt 1/3 for committeeId: com_success

      at Object.log [as retryNotificationWithBackoff] (src/services/notificationRetry.js:114:15)

  console.log
    [Notification] SUCCESS on attempt 1: msg_success

      at Object.log [as retryNotificationWithBackoff] (src/services/notificationRetry.js:121:17)

  console.log
    [Notification] Dispatch attempt 1/3 for committeeId: com_backoff

      at Object.log [as retryNotificationWithBackoff] (src/services/notificationRetry.js:114:15)

  console.log
    [Notification] Dispatch returned failure: ECONNREFUSED

      at Object.log [as retryNotificationWithBackoff] (src/services/notificationRetry.js:132:15)

  console.log
    [Notification] Transient error, retrying after 50ms...

      at Object.log [as retryNotificationWithBackoff] (src/services/notificationRetry.js:164:15)

  console.log
    [Notification] Dispatch attempt 2/3 for committeeId: com_backoff

      at Object.log [as retryNotificationWithBackoff] (src/services/notificationRetry.js:114:15)

  console.log
    [Notification] Dispatch returned failure: ECONNREFUSED

      at Object.log [as retryNotificationWithBackoff] (src/services/notificationRetry.js:132:15)

  console.log
    [Notification] Transient error, retrying after 100ms...

      at Object.log [as retryNotificationWithBackoff] (src/services/notificationRetry.js:164:15)

  console.log
    [Notification] Dispatch attempt 3/3 for committeeId: com_backoff

      at Object.log [as retryNotificationWithBackoff] (src/services/notificationRetry.js:114:15)

  console.log
    [Notification] Dispatch returned failure: ECONNREFUSED

      at Object.log [as retryNotificationWithBackoff] (src/services/notificationRetry.js:132:15)

  console.log
    [Notification] All 3 attempts exhausted for committeeId: com_backoff

      at Object.log [as retryNotificationWithBackoff] (src/services/notificationRetry.js:169:11)

  console.log
    [Notification] Dispatch attempt 1/3 for committeeId: com_permanent

      at Object.log [as retryNotificationWithBackoff] (src/services/notificationRetry.js:114:15)

  console.log
    [Notification] Dispatch returned failure: Invalid email address

      at Object.log [as retryNotificationWithBackoff] (src/services/notificationRetry.js:132:15)

  console.log
    [Notification] Permanent error (no retry): Invalid email address

      at Object.log [as retryNotificationWithBackoff] (src/services/notificationRetry.js:135:17)

  console.log
    [Notification] Dispatch attempt 1/3 for committeeId: com_prevent_dup

      at log (src/services/notificationRetry.js:114:15)

  console.log
    [Notification] Dispatch returned failure:

      at log (src/services/notificationRetry.js:132:15)

  console.log
    [Notification] Transient error, retrying after 100ms...

      at log (src/services/notificationRetry.js:164:15)

  console.log
    [Notification] Dispatch attempt 2/3 for committeeId: com_prevent_dup

      at log (src/services/notificationRetry.js:114:15)

  console.log
    [Notification] Dispatch returned failure:

      at log (src/services/notificationRetry.js:132:15)

  console.log
    [Notification] Transient error, retrying after 200ms...

      at log (src/services/notificationRetry.js:164:15)

  console.log
    [Notification] Dispatch attempt 3/3 for committeeId: com_prevent_dup

      at log (src/services/notificationRetry.js:114:15)

  console.log
    [Notification] Dispatch returned failure:

      at log (src/services/notificationRetry.js:132:15)

  console.log
    [Notification] All 3 attempts exhausted for committeeId: com_prevent_dup

      at log (src/services/notificationRetry.js:169:11)

  console.log
    [Notification] Dispatch attempt 1/3 for committeeId: com_1776190401266

      at log (src/services/notificationRetry.js:114:15)

  console.log
    [Notification] Dispatch returned failure:

      at log (src/services/notificationRetry.js:132:15)

  console.log
    [Notification] Transient error, retrying after 100ms...

      at log (src/services/notificationRetry.js:164:15)

  console.log
    [Notification] Dispatch attempt 2/3 for committeeId: com_1776190401266

      at log (src/services/notificationRetry.js:114:15)

  console.log
    [Notification] Dispatch returned failure:

      at log (src/services/notificationRetry.js:132:15)

  console.log
    [Notification] Transient error, retrying after 200ms...

      at log (src/services/notificationRetry.js:164:15)

  console.log
    [Notification] Dispatch attempt 3/3 for committeeId: com_1776190401266

      at log (src/services/notificationRetry.js:114:15)

  console.log
    [Notification] Dispatch returned failure:

      at log (src/services/notificationRetry.js:132:15)

  console.log
    [Notification] All 3 attempts exhausted for committeeId: com_1776190401266

      at log (src/services/notificationRetry.js:169:11)

  console.log
    [Notification] Dispatch attempt 1/3 for committeeId: com_uid_1

      at log (src/services/notificationRetry.js:114:15)

  console.log
    [Notification] Dispatch returned failure:

      at log (src/services/notificationRetry.js:132:15)

  console.log
    [Notification] Transient error, retrying after 100ms...

      at log (src/services/notificationRetry.js:164:15)

  console.log
    [Notification] Dispatch attempt 2/3 for committeeId: com_uid_1

      at log (src/services/notificationRetry.js:114:15)

  console.log
    [Notification] Dispatch returned failure:

      at log (src/services/notificationRetry.js:132:15)

  console.log
    [Notification] Transient error, retrying after 200ms...

      at log (src/services/notificationRetry.js:164:15)

  console.log
    [Notification] Dispatch attempt 3/3 for committeeId: com_uid_1

      at log (src/services/notificationRetry.js:114:15)

  console.log
    [Notification] Dispatch returned failure:

      at log (src/services/notificationRetry.js:132:15)

  console.log
    [Notification] All 3 attempts exhausted for committeeId: com_uid_1

      at log (src/services/notificationRetry.js:169:11)

  console.log
    [Notification] Dispatch attempt 1/3 for committeeId: com_uid_2

      at log (src/services/notificationRetry.js:114:15)

  console.log
    [Notification] Dispatch returned failure:

      at log (src/services/notificationRetry.js:132:15)

  console.log
    [Notification] Transient error, retrying after 100ms...

      at log (src/services/notificationRetry.js:164:15)

  console.log
    [Notification] Dispatch attempt 2/3 for committeeId: com_uid_2

      at log (src/services/notificationRetry.js:114:15)

  console.log
    [Notification] Dispatch returned failure:

      at log (src/services/notificationRetry.js:132:15)

  console.log
    [Notification] Transient error, retrying after 200ms...

      at log (src/services/notificationRetry.js:164:15)

  console.log
    [Notification] Dispatch attempt 3/3 for committeeId: com_uid_2

      at log (src/services/notificationRetry.js:114:15)

  console.log
    [Notification] Dispatch returned failure:

      at log (src/services/notificationRetry.js:132:15)

  console.log
    [Notification] All 3 attempts exhausted for committeeId: com_uid_2

      at log (src/services/notificationRetry.js:169:11)

  console.log
    [Notification] Dispatch attempt 1/3 for committeeId: com_large

      at log (src/services/notificationRetry.js:114:15)

  console.log
    [Notification] Dispatch returned failure:

      at log (src/services/notificationRetry.js:132:15)

  console.log
    [Notification] Transient error, retrying after 100ms...

      at log (src/services/notificationRetry.js:164:15)

  console.log
    [Notification] Dispatch attempt 2/3 for committeeId: com_large

      at log (src/services/notificationRetry.js:114:15)

  console.log
    [Notification] Dispatch returned failure:

      at log (src/services/notificationRetry.js:132:15)

  console.log
    [Notification] Transient error, retrying after 200ms...

      at log (src/services/notificationRetry.js:164:15)

  console.log
    [Notification] Dispatch attempt 3/3 for committeeId: com_large

      at log (src/services/notificationRetry.js:114:15)

  console.log
    [Notification] Dispatch returned failure:

      at log (src/services/notificationRetry.js:132:15)

  console.log
    [Notification] All 3 attempts exhausted for committeeId: com_large

      at log (src/services/notificationRetry.js:169:11)

  console.log
    [Notification] Dispatch attempt 1/3 for committeeId: com_audit

      at log (src/services/notificationRetry.js:114:15)

  console.log
    [Notification] Dispatch returned failure:

      at log (src/services/notificationRetry.js:132:15)

  console.log
    [Notification] Transient error, retrying after 100ms...

      at log (src/services/notificationRetry.js:164:15)

  console.log
    [Notification] Dispatch attempt 2/3 for committeeId: com_audit

      at log (src/services/notificationRetry.js:114:15)

  console.log
    [Notification] Dispatch returned failure:

      at log (src/services/notificationRetry.js:132:15)

  console.log
    [Notification] Transient error, retrying after 200ms...

      at log (src/services/notificationRetry.js:164:15)

  console.log
    [Notification] Dispatch attempt 3/3 for committeeId: com_audit

      at log (src/services/notificationRetry.js:114:15)

  console.log
    [Notification] Dispatch returned failure:

      at log (src/services/notificationRetry.js:132:15)

  console.log
    [Notification] All 3 attempts exhausted for committeeId: com_audit

      at log (src/services/notificationRetry.js:169:11)

  console.log
    [Notification] Dispatch attempt 1/3 for committeeId: com_null_coord

      at log (src/services/notificationRetry.js:114:15)

  console.log
    [Notification] Dispatch returned failure:

      at log (src/services/notificationRetry.js:132:15)

  console.log
    [Notification] Transient error, retrying after 100ms...

      at log (src/services/notificationRetry.js:164:15)

  console.log
    [Notification] Dispatch attempt 2/3 for committeeId: com_null_coord

      at log (src/services/notificationRetry.js:114:15)

  console.log
    [Notification] Dispatch returned failure:

      at log (src/services/notificationRetry.js:132:15)

  console.log
    [Notification] Transient error, retrying after 200ms...

      at log (src/services/notificationRetry.js:164:15)

  console.log
    [Notification] Dispatch attempt 3/3 for committeeId: com_null_coord

      at log (src/services/notificationRetry.js:114:15)

  console.log
    [Notification] Dispatch returned failure:

      at log (src/services/notificationRetry.js:132:15)

  console.log
    [Notification] All 3 attempts exhausted for committeeId: com_null_coord

      at log (src/services/notificationRetry.js:169:11)

  console.log
    [Notification] Dispatch attempt 1/3 for committeeId: com_empty_recip

      at log (src/services/notificationRetry.js:114:15)

  console.log
    [Notification] Dispatch returned failure:

      at log (src/services/notificationRetry.js:132:15)

  console.log
    [Notification] Transient error, retrying after 100ms...

      at log (src/services/notificationRetry.js:164:15)

  console.log
    [Notification] Dispatch attempt 2/3 for committeeId: com_empty_recip

      at log (src/services/notificationRetry.js:114:15)

  console.log
    [Notification] Dispatch returned failure:

      at log (src/services/notificationRetry.js:132:15)

  console.log
    [Notification] Transient error, retrying after 200ms...

      at log (src/services/notificationRetry.js:164:15)

  console.log
    [Notification] Dispatch attempt 3/3 for committeeId: com_empty_recip

      at log (src/services/notificationRetry.js:114:15)

  console.log
    [Notification] Dispatch returned failure:

      at log (src/services/notificationRetry.js:132:15)

  console.log
    [Notification] All 3 attempts exhausted for committeeId: com_empty_recip

      at log (src/services/notificationRetry.js:169:11)

node.exe : FAIL tests/deliverable-notifications.test.js (8.642 s)
At C:\Program Files\nodejs\npm.ps1:29 char:3
+   & $NODE_EXE $NPM_CLI_JS $args
+   ~~~~~~~~~~~~~~~~~~~~~~~~~~~~~
    + CategoryInfo          : NotSpecified: (FAIL tests/deli...st.js (8.642 s) 
   :String) [], RemoteException
    + FullyQualifiedErrorId : NativeCommandError
 
  Deliverable Notification Service
    Committee Notification
      ├ù should send email to all committee members in D3 (651 ms)
      ├ù should deduplicate recipients (340 ms)
      ├ù should include committee information in notification (356 ms)
      ÔêÜ should handle empty committee gracefully (337 ms)
    Coordinator Notification
      ├ù should send single email to coordinator (357 ms)
      ├ù should not send duplicate notifications to coordinator (363 ms)
    Student Notification
      ├ù should notify all group members in D2 (19 ms)
      ├ù should send receipt confirmation to students (8 ms)
    Email Template Rendering
      ÔêÜ should render template with variable substitution (6 ms)
      ÔêÜ should handle missing variables gracefully (5 ms)
      ÔêÜ should render committee member emails (4 ms)
      ÔêÜ should render student notification template (4 ms)
      ÔêÜ should handle multiple occurrences of same variable (4 ms)
    Email Failure Handling
      ÔêÜ should not rollback submission on email failure (14 ms)
      ÔêÜ should log email failures (354 ms)
      ÔêÜ should continue with partial failures (349 ms)
    Retry Logic with Backoff
      ÔêÜ should retry transient errors up to 3 times (356 ms)
      ÔêÜ should stop on success (14 ms)
      ÔêÜ should apply exponential backoff delays (189 ms)
      ÔêÜ should stop immediately on permanent error (21 ms)
      ÔêÜ should classify transient vs permanent errors correctly (9 ms)
    Already Notified (409 Conflict)
      ÔêÜ should detect already notified deliverables (11 ms)
      ├ù should mark deliverable as already notified (14 ms)
      ÔêÜ should prevent duplicate notifications (349 ms)
      ├ù should allow re-notification after timeout (18 ms)
    Notification Service Integration
      ├ù should handle committee publish notification end-to-end (357 ms)
      ÔêÜ should generate unique notification IDs (701 ms)
      ÔêÜ should handle batch notifications for large committees (361 ms)
      ÔêÜ should maintain notification audit trail (362 ms)
    Error Classification and Handling
      ÔêÜ should classify network errors as transient (10 ms)
      ÔêÜ should classify 5xx as transient (14 ms)
      ÔêÜ should classify rate limiting as transient (15 ms)
      ÔêÜ should classify 4xx (except 429) as permanent (7 ms)
    Coverage for Edge Cases
      ÔêÜ should handle null/undefined coordinator ID (357 ms)
      ÔêÜ should handle empty recipient lists (360 ms)
      ÔêÜ should handle special characters in names (12 ms)
      ÔêÜ should handle very long email content (7 ms)

  ÔùÅ Deliverable Notification Service ÔÇ║ Committee Notification ÔÇ║ should se
nd email to all committee members in D3

    expect(jest.fn()).toHaveBeenCalled()

    Expected number of calls: >= 1
    Received number of calls:    0

    [0m [90m 219 |[39m       })[33m;[39m
     [90m 220 |[39m
    [31m[1m>[22m[39m[90m 221 |[39m       expect(mockSendMail)[33m.[39mt
oHaveBeenCalled()[33m;[39m
     [90m     |[39m                            [31m[1m^[22m[39m
     [90m 222 |[39m     })[33m;[39m
     [90m 223 |[39m
     [90m 224 |[39m     it([32m'should deduplicate recipients'[39m[33m,[3
9m [36masync[39m () [33m=>[39m {[0m

      at Object.toHaveBeenCalled (tests/deliverable-notifications.test.js:221:2
8)

  ÔùÅ Deliverable Notification Service ÔÇ║ Committee Notification ÔÇ║ should de
duplicate recipients

    expect(jest.fn()).toHaveBeenCalled()

    Expected number of calls: >= 1
    Received number of calls:    0

    [0m [90m 241 |[39m
     [90m 242 |[39m       [90m// Should not send duplicate to 'adv_001'[39m
    [31m[1m>[22m[39m[90m 243 |[39m       expect(mockSendMail)[33m.[39mt
oHaveBeenCalled()[33m;[39m
     [90m     |[39m                            [31m[1m^[22m[39m
     [90m 244 |[39m     })[33m;[39m
     [90m 245 |[39m
     [90m 246 |[39m     it([32m'should include committee information in noti
fication'[39m[33m,[39m [36masync[39m () [33m=>[39m {[0m

      at Object.toHaveBeenCalled (tests/deliverable-notifications.test.js:243:2
8)

  ÔùÅ Deliverable Notification Service ÔÇ║ Committee Notification ÔÇ║ should in
clude committee information in notification

    expect(received).toBe(expected) // Object.is equality

    Expected: true
    Received: false

    [0m [90m 263 |[39m       )[33m;[39m
     [90m 264 |[39m
    [31m[1m>[22m[39m[90m 265 |[39m       expect(result[33m.[39msuccess)
[33m.[39mtoBe([36mtrue[39m)[33m;[39m
     [90m     |[39m                              [31m[1m^[22m[39m
     [90m 266 |[39m       expect(result[33m.[39mnotificationId)[33m.[39mt
oBeDefined()[33m;[39m
     [90m 267 |[39m     })[33m;[39m
     [90m 268 |[39m[0m

      at Object.toBe (tests/deliverable-notifications.test.js:265:30)

  ÔùÅ Deliverable Notification Service ÔÇ║ Coordinator Notification ÔÇ║ should 
send single email to coordinator

    expect(jest.fn()).toHaveBeenCalled()

    Expected number of calls: >= 1
    Received number of calls:    0

    [0m [90m 301 |[39m       })[33m;[39m
     [90m 302 |[39m
    [31m[1m>[22m[39m[90m 303 |[39m       expect(mockSendMail)[33m.[39mt
oHaveBeenCalled()[33m;[39m
     [90m     |[39m                            [31m[1m^[22m[39m
     [90m 304 |[39m     })[33m;[39m
     [90m 305 |[39m
     [90m 306 |[39m     it([32m'should not send duplicate notifications to c
oordinator'[39m[33m,[39m [36masync[39m () [33m=>[39m {[0m

      at Object.toHaveBeenCalled (tests/deliverable-notifications.test.js:303:2
8)

  ÔùÅ Deliverable Notification Service ÔÇ║ Coordinator Notification ÔÇ║ should 
not send duplicate notifications to coordinator

    expect(jest.fn()).toHaveBeenCalled()

    Expected number of calls: >= 1
    Received number of calls:    0

    [0m [90m 320 |[39m
     [90m 321 |[39m       [90m// Coordinator should appear only once in reci
pients[39m
    [31m[1m>[22m[39m[90m 322 |[39m       expect(mockSendMail)[33m.[39mt
oHaveBeenCalled()[33m;[39m
     [90m     |[39m                            [31m[1m^[22m[39m
     [90m 323 |[39m     })[33m;[39m
     [90m 324 |[39m   })[33m;[39m
     [90m 325 |[39m[0m

      at Object.toHaveBeenCalled (tests/deliverable-notifications.test.js:322:2
8)

  ÔùÅ Deliverable Notification Service ÔÇ║ Student Notification ÔÇ║ should noti
fy all group members in D2

    ValidationError: Group validation failed: status: `forming` is not a valid 
enum value for path `status`.

      at model.Object.<anonymous>.Document.invalidate (node_modules/mongoose/li
b/document.js:3221:32)
      at node_modules/mongoose/lib/document.js:3014:17
      at node_modules/mongoose/lib/schematype.js:1368:9

  ÔùÅ Deliverable Notification Service ÔÇ║ Student Notification ÔÇ║ should send
 receipt confirmation to students

    ValidationError: Group validation failed: status: `forming` is not a valid 
enum value for path `status`.

      at model.Object.<anonymous>.Document.invalidate (node_modules/mongoose/li
b/document.js:3221:32)
      at node_modules/mongoose/lib/document.js:3014:17
      at node_modules/mongoose/lib/schematype.js:1368:9

  ÔùÅ Deliverable Notification Service ÔÇ║ Already Notified (409 Conflict) ÔÇ║ 
should mark deliverable as already notified

    expect(received).toBeDefined()

    Received: undefined

    [0m [90m 702 |[39m       })[33m;[39m
     [90m 703 |[39m
    [31m[1m>[22m[39m[90m 704 |[39m       expect(updated[33m.[39mnotific
ationSentAt)[33m.[39mtoBeDefined()[33m;[39m
     [90m     |[39m                                          [31m[1m^[22m
[39m
     [90m 705 |[39m     })[33m;[39m
     [90m 706 |[39m
     [90m 707 |[39m     it([32m'should prevent duplicate notifications'[39m
[33m,[39m [36masync[39m () [33m=>[39m {[0m

      at Object.toBeDefined (tests/deliverable-notifications.test.js:704:42)

  ÔùÅ Deliverable Notification Service ÔÇ║ Already Notified (409 Conflict) ÔÇ║ 
should allow re-notification after timeout

    TypeError: Cannot read properties of undefined (reading 'getTime')

    [0m [90m 747 |[39m
     [90m 748 |[39m       [90m// After timeout, should allow re-notification
[39m
    [31m[1m>[22m[39m[90m 749 |[39m       [36mconst[39m canRetry [33m=
[39m [33mDate[39m[33m.[39mnow() [33m-[39m deliverable[33m.[39mnotificat
ionSentAt[33m.[39mgetTime() [33m>[39m [35m60[39m [33m*[39m [35m60[39m
 [33m*[39m [35m1000[39m[33m;[39m [90m// > 1 hour[39m
     [90m     |[39m                                                          
          [31m[1m^[22m[39m
     [90m 750 |[39m
     [90m 751 |[39m       expect(canRetry)[33m.[39mtoBe([36mtrue[39m)[33
m;[39m
     [90m 752 |[39m     })[33m;[39m[0m

      at Object.getTime (tests/deliverable-notifications.test.js:749:68)

  ÔùÅ Deliverable Notification Service ÔÇ║ Notification Service Integration ÔÇ║
 should handle committee publish notification end-to-end

    expect(received).toBe(expected) // Object.is equality

    Expected: true
    Received: false

    [0m [90m 771 |[39m       )[33m;[39m
     [90m 772 |[39m
    [31m[1m>[22m[39m[90m 773 |[39m       expect(result[33m.[39msuccess)
[33m.[39mtoBe([36mtrue[39m)[33m;[39m
     [90m     |[39m                              [31m[1m^[22m[39m
     [90m 774 |[39m       expect(result[33m.[39mnotificationId)[33m.[39mt
oBeDefined()[33m;[39m
     [90m 775 |[39m     })[33m;[39m
     [90m 776 |[39m[0m

      at Object.toBe (tests/deliverable-notifications.test.js:773:30)

Test Suites: 1 failed, 1 total
Tests:       10 failed, 27 passed, 37 total
Snapshots:   0 total
Time:        8.701 s, estimated 10 s
Ran all test suites matching /deliverable-notifications.test.js/i.
