
> senior-app-backend@1.0.0 test
> jest

node.exe :   ÔùÅ  process.exit called with "1"
At C:\Program Files\nodejs\npm.ps1:29 char:3
+   & $NODE_EXE $NPM_CLI_JS $args
+   ~~~~~~~~~~~~~~~~~~~~~~~~~~~~~
    + CategoryInfo          : NotSpecified: (  ÔùÅ  process.exit called with " 
   1":String) [], RemoteException
    + FullyQualifiedErrorId : NativeCommandError
 

    [0m [90m 41 |[39m   } [36mcatch[39m (error) {
     [90m 42 |[39m     console[33m.[39merror([32m'MongoDB connection error
:'[39m[33m,[39m error)[33m;[39m
    [31m[1m>[22m[39m[90m 43 |[39m     process[33m.[39mexit([35m1[39m)
[33m;[39m
     [90m    |[39m             [31m[1m^[22m[39m
     [90m 44 |[39m   }
     [90m 45 |[39m }[33m;[39m
     [90m 46 |[39m[0m

      at exit (src/index.js:43:13)
FAIL tests/emailVerification.test.js
  ÔùÅ Console

    console.error
      Verify email error: DocumentNotFoundError: No document found for query "{
 _id: new ObjectId("69d2d90f220c70dec4ea7c84") }" on model "User"
          at C:\Users\casper\Desktop\se.3318\senior-app-3\backend\node_modules\
mongoose\lib\model.js:434:17
          at C:\Users\casper\Desktop\se.3318\senior-app-3\backend\node_modules\
mongoose\lib\model.js:351:9
          at processTicksAndRejections (node:internal/process/task_queues:105:5
) {
        result: {
          acknowledged: true,
          modifiedCount: 0,
          upsertedId: null,
          upsertedCount: 0,
          matchedCount: 0,
          '$where': { _id: new ObjectId("69d2d90f220c70dec4ea7c84") }
        },
        numAffected: 0,
        filter: { _id: new ObjectId("69d2d90f220c70dec4ea7c84") },
        query: { _id: new ObjectId("69d2d90f220c70dec4ea7c84") }
      }

    [0m [90m 367 |[39m     })[33m;[39m
     [90m 368 |[39m   } [36mcatch[39m (error) {
    [31m[1m>[22m[39m[90m 369 |[39m     console[33m.[39merror([32m'Veri
fy email error:'[39m[33m,[39m error)[33m;[39m
     [90m     |[39m             [31m[1m^[22m[39m
     [90m 370 |[39m     res[33m.[39mstatus([35m500[39m)[33m.[39mjson({ 
code[33m:[39m [32m'SERVER_ERROR'[39m[33m,[39m message[33m:[39m [32m'Fa
iled to verify email'[39m })[33m;[39m
     [90m 371 |[39m   }
     [90m 372 |[39m }[33m;[39m[0m

      at error (src/controllers/onboarding.js:369:13)
      at Object.<anonymous> (tests/emailVerification.test.js:179:5)

    console.error
      Verify email error: DocumentNotFoundError: No document found for query "{
 _id: new ObjectId("69d2d910220c70dec4ea7caf") }" on model "User"
          at C:\Users\casper\Desktop\se.3318\senior-app-3\backend\node_modules\
mongoose\lib\model.js:434:17
          at C:\Users\casper\Desktop\se.3318\senior-app-3\backend\node_modules\
mongoose\lib\model.js:351:9
          at processTicksAndRejections (node:internal/process/task_queues:105:5
) {
        result: {
          acknowledged: true,
          modifiedCount: 0,
          upsertedId: null,
          upsertedCount: 0,
          matchedCount: 0,
          '$where': { _id: new ObjectId("69d2d910220c70dec4ea7caf") }
        },
        numAffected: 0,
        filter: { _id: new ObjectId("69d2d910220c70dec4ea7caf") },
        query: { _id: new ObjectId("69d2d910220c70dec4ea7caf") }
      }

    [0m [90m 367 |[39m     })[33m;[39m
     [90m 368 |[39m   } [36mcatch[39m (error) {
    [31m[1m>[22m[39m[90m 369 |[39m     console[33m.[39merror([32m'Veri
fy email error:'[39m[33m,[39m error)[33m;[39m
     [90m     |[39m             [31m[1m^[22m[39m
     [90m 370 |[39m     res[33m.[39mstatus([35m500[39m)[33m.[39mjson({ 
code[33m:[39m [32m'SERVER_ERROR'[39m[33m,[39m message[33m:[39m [32m'Fa
iled to verify email'[39m })[33m;[39m
     [90m 371 |[39m   }
     [90m 372 |[39m }[33m;[39m[0m

      at error (src/controllers/onboarding.js:369:13)
      at Object.<anonymous> (tests/emailVerification.test.js:293:5)

    console.error
      Send verification email error: DocumentNotFoundError: No document found f
or query "{ _id: new ObjectId("69d2d910220c70dec4ea7cbf") }" on model "User"
          at C:\Users\casper\Desktop\se.3318\senior-app-3\backend\node_modules\
mongoose\lib\model.js:434:17
          at C:\Users\casper\Desktop\se.3318\senior-app-3\backend\node_modules\
mongoose\lib\model.js:351:9
          at processTicksAndRejections (node:internal/process/task_queues:105:5
) {
        result: {
          acknowledged: true,
          modifiedCount: 0,
          upsertedId: null,
          upsertedCount: 0,
          matchedCount: 0,
          '$where': { _id: new ObjectId("69d2d910220c70dec4ea7cbf") }
        },
        numAffected: 0,
        filter: { _id: new ObjectId("69d2d910220c70dec4ea7cbf") },
        query: { _id: new ObjectId("69d2d910220c70dec4ea7cbf") }
      }

    [0m [90m 313 |[39m     [36mreturn[39m res[33m.[39mstatus([35m200[3
9m)[33m.[39mjson({ [33m...[39mresult[33m,[39m retryAfter[33m:[39m [33m
Math[39m[33m.[39mceil([33mRESEND_COOLDOWN_MS[39m [33m/[39m [35m1000[39
m) })[33m;[39m
     [90m 314 |[39m   } [36mcatch[39m (error) {
    [31m[1m>[22m[39m[90m 315 |[39m     console[33m.[39merror([32m'Send
 verification email error:'[39m[33m,[39m error)[33m;[39m
     [90m     |[39m             [31m[1m^[22m[39m
     [90m 316 |[39m     res[33m.[39mstatus([35m500[39m)[33m.[39mjson({ 
code[33m:[39m [32m'SERVER_ERROR'[39m[33m,[39m message[33m:[39m [32m'Fa
iled to send verification email'[39m })[33m;[39m
     [90m 317 |[39m   }
     [90m 318 |[39m }[33m;[39m[0m

      at error (src/controllers/onboarding.js:315:13)
      at Object.<anonymous> (tests/emailVerification.test.js:348:5)

    console.error
      Send verification email error: DocumentNotFoundError: No document found f
or query "{ _id: new ObjectId("69d2d910220c70dec4ea7cc5") }" on model "User"
          at C:\Users\casper\Desktop\se.3318\senior-app-3\backend\node_modules\
mongoose\lib\model.js:434:17
          at C:\Users\casper\Desktop\se.3318\senior-app-3\backend\node_modules\
mongoose\lib\model.js:351:9
          at processTicksAndRejections (node:internal/process/task_queues:105:5
) {
        result: {
          acknowledged: true,
          modifiedCount: 0,
          upsertedId: null,
          upsertedCount: 0,
          matchedCount: 0,
          '$where': { _id: new ObjectId("69d2d910220c70dec4ea7cc5") }
        },
        numAffected: 0,
        filter: { _id: new ObjectId("69d2d910220c70dec4ea7cc5") },
        query: { _id: new ObjectId("69d2d910220c70dec4ea7cc5") }
      }

    [0m [90m 313 |[39m     [36mreturn[39m res[33m.[39mstatus([35m200[3
9m)[33m.[39mjson({ [33m...[39mresult[33m,[39m retryAfter[33m:[39m [33m
Math[39m[33m.[39mceil([33mRESEND_COOLDOWN_MS[39m [33m/[39m [35m1000[39
m) })[33m;[39m
     [90m 314 |[39m   } [36mcatch[39m (error) {
    [31m[1m>[22m[39m[90m 315 |[39m     console[33m.[39merror([32m'Send
 verification email error:'[39m[33m,[39m error)[33m;[39m
     [90m     |[39m             [31m[1m^[22m[39m
     [90m 316 |[39m     res[33m.[39mstatus([35m500[39m)[33m.[39mjson({ 
code[33m:[39m [32m'SERVER_ERROR'[39m[33m,[39m message[33m:[39m [32m'Fa
iled to send verification email'[39m })[33m;[39m
     [90m 317 |[39m   }
     [90m 318 |[39m }[33m;[39m[0m

      at error (src/controllers/onboarding.js:315:13)
      at Object.<anonymous> (tests/emailVerification.test.js:372:5)

  ÔùÅ POST /onboarding/send-verification-email ÔÇ║ resets 24h window and allows
 send after window expires

    expect(jest.fn()).toHaveBeenCalledWith(...expected)

    Expected: 200
    Received: 404

    Number of calls: 1

    [0m [90m 146 |[39m     [36mawait[39m sendVerificationEmailHandler(req
[33m,[39m res)[33m;[39m
     [90m 147 |[39m
    [31m[1m>[22m[39m[90m 148 |[39m     expect(res[33m.[39mstatus)[33m.
[39mtoHaveBeenCalledWith([35m200[39m)[33m;[39m
     [90m     |[39m                        [31m[1m^[22m[39m
     [90m 149 |[39m     [36mconst[39m updated [33m=[39m [36mawait[39m 
[33mUser[39m[33m.[39mfindOne({ userId[33m:[39m user[33m.[39muserId })[3
3m;[39m
     [90m 150 |[39m     expect(updated[33m.[39memailVerificationSentCount)
[33m.[39mtoBe([35m1[39m)[33m;[39m
     [90m 151 |[39m   })[33m;[39m[0m

      at Object.toHaveBeenCalledWith (tests/emailVerification.test.js:148:24)

  ÔùÅ POST /onboarding/verify-email ÔÇ║ verifies a valid token and marks emailV
erified

    expect(jest.fn()).toHaveBeenCalledWith(...expected)

    Expected: 200
    Received: 500

    Number of calls: 1

    [0m [90m 179 |[39m     [36mawait[39m verifyEmail(req[33m,[39m res)[
33m;[39m
     [90m 180 |[39m
    [31m[1m>[22m[39m[90m 181 |[39m     expect(res[33m.[39mstatus)[33m.
[39mtoHaveBeenCalledWith([35m200[39m)[33m;[39m
     [90m     |[39m                        [31m[1m^[22m[39m
     [90m 182 |[39m     expect(res[33m.[39mjson[33m.[39mmock[33m.[39mca
lls[[35m0[39m][[35m0[39m][33m.[39memailVerified)[33m.[39mtoBe([36mtrue
[39m)[33m;[39m
     [90m 183 |[39m   })[33m;[39m
     [90m 184 |[39m[0m

      at Object.toHaveBeenCalledWith (tests/emailVerification.test.js:181:24)

  ÔùÅ Email Verification - Security Tests ÔÇ║ sets token expiry to 24 hours

    TypeError: Cannot read properties of null (reading 'emailVerificationTokenE
xpiry')

    [0m [90m 261 |[39m
     [90m 262 |[39m     [36mconst[39m updated [33m=[39m [36mawait[39m 
[33mUser[39m[33m.[39mfindOne({ userId[33m:[39m user[33m.[39muserId })[3
3m;[39m
    [31m[1m>[22m[39m[90m 263 |[39m     [36mconst[39m msUntilExpiry [33
m=[39m updated[33m.[39memailVerificationTokenExpiry [33m-[39m [36mnew[39
m [33mDate[39m()[33m;[39m
     [90m     |[39m                                   [31m[1m^[22m[39m
     [90m 264 |[39m     
     [90m 265 |[39m     [36mconst[39m twentyFourHours [33m=[39m [35m24[
39m [33m*[39m [35m60[39m [33m*[39m [35m60[39m [33m*[39m [35m1000[39
m[33m;[39m
     [90m 266 |[39m     expect(msUntilExpiry)[33m.[39mtoBeGreaterThan(twent
yFourHours [33m-[39m [35m60[39m [33m*[39m [35m1000[39m)[33m;[39m[0m

      at Object.emailVerificationTokenExpiry (tests/emailVerification.test.js:2
63:35)

  ÔùÅ Email Verification - Security Tests ÔÇ║ enforces single-use token: token 
cleared after first verify

    expect(jest.fn()).toHaveBeenCalledWith(...expected)

    Expected: 200
    Received: 500

    Number of calls: 1

    [0m [90m 293 |[39m     [36mawait[39m verifyEmail(req[33m,[39m res)[
33m;[39m
     [90m 294 |[39m
    [31m[1m>[22m[39m[90m 295 |[39m     expect(res[33m.[39mstatus)[33m.
[39mtoHaveBeenCalledWith([35m200[39m)[33m;[39m
     [90m     |[39m                        [31m[1m^[22m[39m
     [90m 296 |[39m
     [90m 297 |[39m     [36mconst[39m updated [33m=[39m [36mawait[39m 
[33mUser[39m[33m.[39mfindOne({ userId[33m:[39m user[33m.[39muserId })[3
3m;[39m
     [90m 298 |[39m     expect(updated[33m.[39memailVerificationToken)[33m
.[39mtoBeNull()[33m;[39m[0m

      at Object.toHaveBeenCalledWith (tests/emailVerification.test.js:295:24)

  ÔùÅ Email Verification - Security Tests ÔÇ║ rejects token reuse: second verif
y with same token fails

    expect(jest.fn()).toHaveBeenCalledWith(...expected)

    Expected: 200
    Received: 400

    Number of calls: 1

    [0m [90m 310 |[39m     [36mconst[39m res1 [33m=[39m makeRes()[33m;
[39m
     [90m 311 |[39m     [36mawait[39m verifyEmail(req1[33m,[39m res1)[33
m;[39m
    [31m[1m>[22m[39m[90m 312 |[39m     expect(res1[33m.[39mstatus)[33m
.[39mtoHaveBeenCalledWith([35m200[39m)[33m;[39m
     [90m     |[39m                         [31m[1m^[22m[39m
     [90m 313 |[39m
     [90m 314 |[39m     [36mconst[39m req2 [33m=[39m makeReq({ token })[
33m;[39m
     [90m 315 |[39m     [36mconst[39m res2 [33m=[39m makeRes()[33m;[39m
[0m

      at Object.toHaveBeenCalledWith (tests/emailVerification.test.js:312:25)

  ÔùÅ Email Verification - Security Tests ÔÇ║ increments emailVerificationSentC
ount on each send

    DocumentNotFoundError: No document found for query "{ _id: new ObjectId("69
d2d910220c70dec4ea7cba") }" on model "User"

      at node_modules/mongoose/lib/model.js:434:17
      at node_modules/mongoose/lib/model.js:351:9

  ÔùÅ Email Verification - Integration Workflow ÔÇ║ completes full workflow: se
nd ÔåÆ verify ÔåÆ account becomes active

    expect(jest.fn()).toHaveBeenCalledWith(...expected)

    Expected: 200
    Received: 500

    Number of calls: 1

    [0m [90m 348 |[39m     [36mawait[39m sendVerificationEmailHandler(send
Req[33m,[39m sendRes)[33m;[39m
     [90m 349 |[39m
    [31m[1m>[22m[39m[90m 350 |[39m     expect(sendRes[33m.[39mstatus)[
33m.[39mtoHaveBeenCalledWith([35m200[39m)[33m;[39m
     [90m     |[39m                            [31m[1m^[22m[39m
     [90m 351 |[39m     expect(sendRes[33m.[39mjson[33m.[39mmock[33m.[3
9mcalls[[35m0[39m][[35m0[39m][33m.[39mretryAfter)[33m.[39mtoBe([35m60
[39m)[33m;[39m
     [90m 352 |[39m
     [90m 353 |[39m     [36mconst[39m tokenedUser [33m=[39m [36mawait[3
9m [33mUser[39m[33m.[39mfindOne({ userId[33m:[39m user[33m.[39muserId }
)[33m;[39m[0m

      at Object.toHaveBeenCalledWith (tests/emailVerification.test.js:350:28)

  ÔùÅ Email Verification - Integration Workflow ÔÇ║ handles resend after cooldo
wn period

    expect(jest.fn()).toHaveBeenCalledWith(...expected)

    Expected: 200
    Received: 500

    Number of calls: 1

    [0m [90m 371 |[39m     [36mconst[39m res1 [33m=[39m makeRes()[33m;
[39m
     [90m 372 |[39m     [36mawait[39m sendVerificationEmailHandler(makeReq(
{ userId[33m:[39m user[33m.[39muserId }[33m,[39m { userId[33m:[39m user
[33m.[39muserId })[33m,[39m res1)[33m;[39m
    [31m[1m>[22m[39m[90m 373 |[39m     expect(res1[33m.[39mstatus)[33m
.[39mtoHaveBeenCalledWith([35m200[39m)[33m;[39m
     [90m     |[39m                         [31m[1m^[22m[39m
     [90m 374 |[39m
     [90m 375 |[39m     [36mconst[39m token1 [33m=[39m ([36mawait[39m 
[33mUser[39m[33m.[39mfindOne({ userId[33m:[39m user[33m.[39muserId }))[
33m.[39memailVerificationToken[33m;[39m
     [90m 376 |[39m[0m

      at Object.toHaveBeenCalledWith (tests/emailVerification.test.js:373:25)

FAIL tests/User.model.test.js
  ÔùÅ Console

    console.log
      
      [MIGRATION] Running: 001_create_user_schema

      at log (migrations/migrationRunner.js:70:11)

    console.log
      [MIGRATION] Already applied: 001_create_user_schema

      at log (migrations/migrationRunner.js:74:13)

    console.log
      
      [MIGRATION] Running: 002_add_githubUsername_unique_constraint

      at log (migrations/migrationRunner.js:70:11)

    console.log
      [MIGRATION] Already applied: 002_add_githubUsername_unique_constraint

      at log (migrations/migrationRunner.js:74:13)

  ÔùÅ User Model - Schema Validation ÔÇ║ userId Field ÔÇ║ should reject duplica
te userId

    expect(received).rejects.toThrow()

    Received promise resolved instead of rejected
    Resolved to value: {"__v": 0, "_id": "69d2d90f9259ec9bc7f59554", "accountSt
atus": "pending_verification", "createdAt": 2026-04-05T21:50:07.866Z, "email": 
"user2@example.com", "emailVerificationLastSentAt": null, "emailVerificationSen
tCount": 0, "emailVerificationToken": null, "emailVerificationTokenExpiry": nul
l, "emailVerificationWindowStart": null, "emailVerified": false, "githubId": nu
ll, "githubUsername": null, "hashedPassword": "hash123", "lastLogin": null, "lo
ckedUntil": null, "loginAttempts": 0, "passwordResetSentCount": 0, "passwordRes
etToken": null, "passwordResetTokenExpiry": null, "passwordResetWindowStart": n
ull, "requiresPasswordChange": false, "role": "student", "studentId": null, "up
datedAt": 2026-04-05T21:50:07.866Z, "userId": "usr_duplicate"}

    [0m [90m 122 |[39m       })[33m;[39m
     [90m 123 |[39m
    [31m[1m>[22m[39m[90m 124 |[39m       [36mawait[39m expect(user2[33
m.[39msave())[33m.[39mrejects[33m.[39mtoThrow([35m/duplicate key/i[39m)
[33m;[39m
     [90m     |[39m             [31m[1m^[22m[39m
     [90m 125 |[39m     })[33m;[39m
     [90m 126 |[39m   })[33m;[39m
     [90m 127 |[39m[0m

      at expect (node_modules/expect/build/index.js:113:15)
      at Object.expect (tests/User.model.test.js:124:13)

  ÔùÅ User Model - Schema Validation ÔÇ║ GitHub Fields ÔÇ║ should reject duplic
ate githubUsername

    expect(received).rejects.toThrow()

    Received promise resolved instead of rejected
    Resolved to value: {"__v": 0, "_id": "69d2d90f9259ec9bc7f59585", "accountSt
atus": "pending_verification", "createdAt": 2026-04-05T21:50:07.995Z, "email": 
"user2@example.com", "emailVerificationLastSentAt": null, "emailVerificationSen
tCount": 0, "emailVerificationToken": null, "emailVerificationTokenExpiry": nul
l, "emailVerificationWindowStart": null, "emailVerified": false, "githubId": nu
ll, "githubUsername": "alice-gh", "hashedPassword": "hash123", "lastLogin": nul
l, "lockedUntil": null, "loginAttempts": 0, "passwordResetSentCount": 0, "passw
ordResetToken": null, "passwordResetTokenExpiry": null, "passwordResetWindowSta
rt": null, "requiresPasswordChange": false, "role": "student", "studentId": nul
l, "updatedAt": 2026-04-05T21:50:07.995Z, "userId": "usr_43f1d852"}

    [0m [90m 297 |[39m       })[33m;[39m
     [90m 298 |[39m
    [31m[1m>[22m[39m[90m 299 |[39m       [36mawait[39m expect(user2[33
m.[39msave())[33m.[39mrejects[33m.[39mtoThrow([35m/duplicate key|E11000/
[39m)[33m;[39m
     [90m     |[39m             [31m[1m^[22m[39m
     [90m 300 |[39m     })[33m;[39m
     [90m 301 |[39m
     [90m 302 |[39m     it([32m'should default githubId to null'[39m[33m,
[39m [36masync[39m () [33m=>[39m {[0m

      at expect (node_modules/expect/build/index.js:113:15)
      at Object.expect (tests/User.model.test.js:299:13)

  ÔùÅ User Model - Schema Validation ÔÇ║ Email Verification Fields ÔÇ║ should s
tore and clear emailVerificationToken

    DocumentNotFoundError: No document found for query "{ _id: new ObjectId("69
d2d9109259ec9bc7f59594") }" on model "User"

      at node_modules/mongoose/lib/model.js:434:17
      at node_modules/mongoose/lib/model.js:351:9

  ÔùÅ User Model - Schema Validation ÔÇ║ Account Status Field ÔÇ║ should defaul
t accountStatus to pending

    expect(received).toBe(expected) // Object.is equality

    Expected: "pending"
    Received: "pending_verification"

    [0m [90m 376 |[39m
     [90m 377 |[39m       [36mconst[39m saved [33m=[39m [36mawait[39m u
ser[33m.[39msave()[33m;[39m
    [31m[1m>[22m[39m[90m 378 |[39m       expect(saved[33m.[39maccountSt
atus)[33m.[39mtoBe([32m'pending'[39m)[33m;[39m
     [90m     |[39m                                   [31m[1m^[22m[39m
     [90m 379 |[39m     })[33m;[39m
     [90m 380 |[39m
     [90m 381 |[39m     it([32m'should accept valid account statuses'[39m[
33m,[39m [36masync[39m () [33m=>[39m {[0m

      at Object.toBe (tests/User.model.test.js:378:35)

  ÔùÅ User Model - Schema Validation ÔÇ║ Timestamps ÔÇ║ should update updatedAt
 on save

    DocumentNotFoundError: No document found for query "{ _id: new ObjectId("69
d2d9109259ec9bc7f595aa") }" on model "User"

      at node_modules/mongoose/lib/model.js:434:17
      at node_modules/mongoose/lib/model.js:351:9

  ÔùÅ User Model - Schema Validation ÔÇ║ Indexes ÔÇ║ should have index on email

    expect(received).toBeDefined()

    Received: undefined

    [0m [90m 512 |[39m       [36mconst[39m indexes [33m=[39m [36mawait
[39m [33mUser[39m[33m.[39mcollection[33m.[39mgetIndexes()[33m;[39m
     [90m 513 |[39m       [36mconst[39m emailIndex [33m=[39m [33mObject
[39m[33m.[39mvalues(indexes)[33m.[39mfind(idx [33m=>[39m idx[33m.[39mke
y [33m&&[39m idx[33m.[39mkey[33m.[39memail [33m===[39m [35m1[39m)[33
m;[39m
    [31m[1m>[22m[39m[90m 514 |[39m       expect(emailIndex)[33m.[39mtoB
eDefined()[33m;[39m
     [90m     |[39m                          [31m[1m^[22m[39m
     [90m 515 |[39m       expect(emailIndex[33m.[39munique)[33m.[39mtoBe(
[36mtrue[39m)[33m;[39m
     [90m 516 |[39m     })[33m;[39m
     [90m 517 |[39m[0m

      at Object.toBeDefined (tests/User.model.test.js:514:26)

  ÔùÅ User Model - Schema Validation ÔÇ║ Indexes ÔÇ║ should have index on userI
d

    expect(received).toBeDefined()

    Received: undefined

    [0m [90m 519 |[39m       [36mconst[39m indexes [33m=[39m [36mawait
[39m [33mUser[39m[33m.[39mcollection[33m.[39mgetIndexes()[33m;[39m
     [90m 520 |[39m       [36mconst[39m userIdIndex [33m=[39m [33mObject
[39m[33m.[39mvalues(indexes)[33m.[39mfind(idx [33m=>[39m idx[33m.[39mk
ey [33m&&[39m idx[33m.[39mkey[33m.[39muserId [33m===[39m [35m1[39m)[
33m;[39m
    [31m[1m>[22m[39m[90m 521 |[39m       expect(userIdIndex)[33m.[39mto
BeDefined()[33m;[39m
     [90m     |[39m                           [31m[1m^[22m[39m
     [90m 522 |[39m       expect(userIdIndex[33m.[39munique)[33m.[39mtoBe
([36mtrue[39m)[33m;[39m
     [90m 523 |[39m     })[33m;[39m
     [90m 524 |[39m[0m

      at Object.toBeDefined (tests/User.model.test.js:521:27)

  ÔùÅ User Model - Schema Validation ÔÇ║ Indexes ÔÇ║ should have index on githu
bId

    expect(received).toBeDefined()

    Received: undefined

    [0m [90m 526 |[39m       [36mconst[39m indexes [33m=[39m [36mawait
[39m [33mUser[39m[33m.[39mcollection[33m.[39mgetIndexes()[33m;[39m
     [90m 527 |[39m       [36mconst[39m githubIdIndex [33m=[39m [33mObje
ct[39m[33m.[39mvalues(indexes)[33m.[39mfind(idx [33m=>[39m idx[33m.[39
mkey [33m&&[39m idx[33m.[39mkey[33m.[39mgithubId [33m===[39m [35m1[39
m)[33m;[39m
    [31m[1m>[22m[39m[90m 528 |[39m       expect(githubIdIndex)[33m.[39m
toBeDefined()[33m;[39m
     [90m     |[39m                             [31m[1m^[22m[39m
     [90m 529 |[39m     })[33m;[39m
     [90m 530 |[39m
     [90m 531 |[39m     it([32m'should have partial unique index on githubUs
ername'[39m[33m,[39m [36masync[39m () [33m=>[39m {[0m

      at Object.toBeDefined (tests/User.model.test.js:528:29)

  ÔùÅ User Model - Schema Validation ÔÇ║ Indexes ÔÇ║ should have partial unique
 index on githubUsername

    expect(received).toBeDefined()

    Received: undefined

    [0m [90m 534 |[39m         idx [33m=>[39m idx[33m.[39mkey [33m&&[3
9m idx[33m.[39mkey[33m.[39mgithubUsername [33m===[39m [35m1[39m
     [90m 535 |[39m       )[33m;[39m
    [31m[1m>[22m[39m[90m 536 |[39m       expect(githubUsernameIndex)[33m
.[39mtoBeDefined()[33m;[39m
     [90m     |[39m                                   [31m[1m^[22m[39m
     [90m 537 |[39m       expect(githubUsernameIndex[33m.[39munique)[33m.
[39mtoBe([36mtrue[39m)[33m;[39m
     [90m 538 |[39m       expect(githubUsernameIndex[33m.[39mpartialFilterE
xpression)[33m.[39mtoBeDefined()[33m;[39m
     [90m 539 |[39m     })[33m;[39m[0m

      at Object.toBeDefined (tests/User.model.test.js:536:35)

PASS tests/migrations.test.js
  ÔùÅ Console

    console.log
      
      [MIGRATION] Running: 001_create_user_schema

      at log (migrations/migrationRunner.js:70:11)

    console.log
      [MIGRATION] User collection already exists, skipping creation

      at Object.log [as up] (migrations/001_create_user_schema.js:37:17)

    console.log
      [MIGRATION] Ô£ô Applied: 001_create_user_schema

      at log (migrations/migrationRunner.js:84:13)

    console.log
      
      [MIGRATION] Running: 001_create_user_schema

      at log (migrations/migrationRunner.js:70:11)

    console.log
      [MIGRATION] User collection already exists, skipping creation

      at Object.log [as up] (migrations/001_create_user_schema.js:37:17)

    console.log
      [MIGRATION] Ô£ô Applied: 001_create_user_schema

      at log (migrations/migrationRunner.js:84:13)

    console.log
      
      [MIGRATION] Running: 001_create_user_schema

      at log (migrations/migrationRunner.js:70:11)

    console.log
      [MIGRATION] Already applied: 001_create_user_schema

      at log (migrations/migrationRunner.js:74:13)

    console.log
      
      [MIGRATION] Running: 001_create_user_schema

      at log (migrations/migrationRunner.js:70:11)

    console.log
      [MIGRATION] User collection already exists, skipping creation

      at Object.log [as up] (migrations/001_create_user_schema.js:37:17)

    console.log
      [MIGRATION] Ô£ô Applied: 001_create_user_schema

      at log (migrations/migrationRunner.js:84:13)

    console.log
      
      [MIGRATION] Running: 002_add_githubUsername_unique_constraint

      at log (migrations/migrationRunner.js:70:11)

    console.log
      [MIGRATION] Index githubUsername_1 not found, skipping drop: index not fo
und with name [githubUsername_1]

      at Object.log [as up] (migrations/002_add_githubUsername_unique_constrain
t.js:31:19)

    console.log
      [MIGRATION] Created partial unique index on githubUsername

      at Object.log [as up] (migrations/002_add_githubUsername_unique_constrain
t.js:46:15)

    console.log
      [MIGRATION] Ô£ô Applied: 002_add_githubUsername_unique_constraint

      at log (migrations/migrationRunner.js:84:13)

    console.log
      
      [MIGRATION] Running: 001_create_user_schema

      at log (migrations/migrationRunner.js:70:11)

    console.log
      [MIGRATION] User collection already exists, skipping creation

      at Object.log [as up] (migrations/001_create_user_schema.js:37:17)

    console.log
      [MIGRATION] Ô£ô Applied: 001_create_user_schema

      at log (migrations/migrationRunner.js:84:13)

    console.log
      
      [MIGRATION] Running: 002_add_githubUsername_unique_constraint

      at log (migrations/migrationRunner.js:70:11)

    console.log
      [MIGRATION] Index githubUsername_1 not found, skipping drop: index not fo
und with name [githubUsername_1]

      at Object.log [as up] (migrations/002_add_githubUsername_unique_constrain
t.js:31:19)

    console.log
      [MIGRATION] Created partial unique index on githubUsername

      at Object.log [as up] (migrations/002_add_githubUsername_unique_constrain
t.js:46:15)

    console.log
      [MIGRATION] Ô£ô Applied: 002_add_githubUsername_unique_constraint

      at log (migrations/migrationRunner.js:84:13)

    console.log
      
      [MIGRATION] Rolling back: 001_create_user_schema

      at log (migrations/migrationRunner.js:99:11)

    console.log
      [MIGRATION] Not applied, skipping: 001_create_user_schema

      at log (migrations/migrationRunner.js:103:13)

    console.log
      
      [MIGRATION] Running: 001_create_user_schema

      at log (migrations/migrationRunner.js:70:11)

    console.log
      [MIGRATION] User collection already exists, skipping creation

      at Object.log [as up] (migrations/001_create_user_schema.js:37:17)

    console.log
      [MIGRATION] Ô£ô Applied: 001_create_user_schema

      at log (migrations/migrationRunner.js:84:13)

    console.log
      
      [MIGRATION] Rolling back: 001_create_user_schema

      at log (migrations/migrationRunner.js:99:11)

    console.log
      [MIGRATION] Dropped User collection

      at Object.log [as down] (migrations/001_create_user_schema.js:59:17)

    console.log
      [MIGRATION] Ô£ô Rolled back: 001_create_user_schema

      at log (migrations/migrationRunner.js:113:13)

    console.log
      
      [MIGRATION] Running: 001_create_user_schema

      at log (migrations/migrationRunner.js:70:11)

    console.log
      [MIGRATION] Created User collection

      at Object.log [as up] (migrations/001_create_user_schema.js:42:15)

    console.log
      [MIGRATION] Ô£ô Applied: 001_create_user_schema

      at log (migrations/migrationRunner.js:84:13)

    console.log
      
      [MIGRATION] Rolling back: 001_create_user_schema

      at log (migrations/migrationRunner.js:99:11)

    console.log
      [MIGRATION] Dropped User collection

      at Object.log [as down] (migrations/001_create_user_schema.js:59:17)

    console.log
      [MIGRATION] Ô£ô Rolled back: 001_create_user_schema

      at log (migrations/migrationRunner.js:113:13)

    console.log
      
      [MIGRATION] Running: 001_create_user_schema

      at log (migrations/migrationRunner.js:70:11)

    console.log
      [MIGRATION] Created User collection

      at Object.log [as up] (migrations/001_create_user_schema.js:42:15)

    console.log
      [MIGRATION] Ô£ô Applied: 001_create_user_schema

      at log (migrations/migrationRunner.js:84:13)

    console.log
      
      [MIGRATION] Running: 002_add_githubUsername_unique_constraint

      at log (migrations/migrationRunner.js:70:11)

    console.log
      [MIGRATION] Index githubUsername_1 not found, skipping drop: index not fo
und with name [githubUsername_1]

      at Object.log [as up] (migrations/002_add_githubUsername_unique_constrain
t.js:31:19)

    console.log
      [MIGRATION] Index githubUsername_1_unique not found, skipping drop: index
 not found with name [githubUsername_1_unique]

      at Object.log [as up] (migrations/002_add_githubUsername_unique_constrain
t.js:31:19)

    console.log
      [MIGRATION] Created partial unique index on githubUsername

      at Object.log [as up] (migrations/002_add_githubUsername_unique_constrain
t.js:46:15)

    console.log
      [MIGRATION] Ô£ô Applied: 002_add_githubUsername_unique_constraint

      at log (migrations/migrationRunner.js:84:13)

    console.log
      
      [MIGRATION] Rolling back: 002_add_githubUsername_unique_constraint

      at log (migrations/migrationRunner.js:99:11)

    console.log
      [MIGRATION] Dropped partial unique index on githubUsername

      at Object.log [as down] (migrations/002_add_githubUsername_unique_constra
int.js:65:15)

    console.log
      [MIGRATION] Ô£ô Rolled back: 002_add_githubUsername_unique_constraint

      at log (migrations/migrationRunner.js:113:13)

    console.log
      
      [MIGRATION] Rolling back: 001_create_user_schema

      at log (migrations/migrationRunner.js:99:11)

    console.log
      [MIGRATION] Dropped User collection

      at Object.log [as down] (migrations/001_create_user_schema.js:59:17)

    console.log
      [MIGRATION] Ô£ô Rolled back: 001_create_user_schema

      at log (migrations/migrationRunner.js:113:13)

    console.log
      
      [MIGRATION] Running: 001_create_user_schema

      at log (migrations/migrationRunner.js:70:11)

    console.log
      [MIGRATION] Created User collection

      at Object.log [as up] (migrations/001_create_user_schema.js:42:15)

    console.log
      [MIGRATION] Ô£ô Applied: 001_create_user_schema

      at log (migrations/migrationRunner.js:84:13)

    console.log
      
      [MIGRATION] Running: 001_create_user_schema

      at log (migrations/migrationRunner.js:70:11)

    console.log
      [MIGRATION] Already applied: 001_create_user_schema

      at log (migrations/migrationRunner.js:74:13)

    console.log
      
      [MIGRATION] Running: 001_create_user_schema

      at log (migrations/migrationRunner.js:70:11)

    console.log
      [MIGRATION] Already applied: 001_create_user_schema

      at log (migrations/migrationRunner.js:74:13)

    console.log
      
      [MIGRATION] Running: 002_add_githubUsername_unique_constraint

      at log (migrations/migrationRunner.js:70:11)

    console.log
      [MIGRATION] Index githubUsername_1 not found, skipping drop: index not fo
und with name [githubUsername_1]

      at Object.log [as up] (migrations/002_add_githubUsername_unique_constrain
t.js:31:19)

    console.log
      [MIGRATION] Index githubUsername_1_unique not found, skipping drop: index
 not found with name [githubUsername_1_unique]

      at Object.log [as up] (migrations/002_add_githubUsername_unique_constrain
t.js:31:19)

    console.log
      [MIGRATION] Created partial unique index on githubUsername

      at Object.log [as up] (migrations/002_add_githubUsername_unique_constrain
t.js:46:15)

    console.log
      [MIGRATION] Ô£ô Applied: 002_add_githubUsername_unique_constraint

      at log (migrations/migrationRunner.js:84:13)

    console.log
      
      [MIGRATION] Running: 002_add_githubUsername_unique_constraint

      at log (migrations/migrationRunner.js:70:11)

    console.log
      [MIGRATION] Already applied: 002_add_githubUsername_unique_constraint

      at log (migrations/migrationRunner.js:74:13)

    console.log
      
      [MIGRATION] Running: 002_add_githubUsername_unique_constraint

      at log (migrations/migrationRunner.js:70:11)

    console.log
      [MIGRATION] Already applied: 002_add_githubUsername_unique_constraint

      at log (migrations/migrationRunner.js:74:13)

    console.log
      
      [MIGRATION] Running: 001_create_user_schema

      at log (migrations/migrationRunner.js:70:11)

    console.log
      [MIGRATION] User collection already exists, skipping creation

      at Object.log [as up] (migrations/001_create_user_schema.js:37:17)

    console.log
      [MIGRATION] Ô£ô Applied: 001_create_user_schema

      at log (migrations/migrationRunner.js:84:13)

    console.log
      
      [MIGRATION] Rolling back: 001_create_user_schema

      at log (migrations/migrationRunner.js:99:11)

    console.log
      [MIGRATION] Dropped User collection

      at Object.log [as down] (migrations/001_create_user_schema.js:59:17)

    console.log
      [MIGRATION] Ô£ô Rolled back: 001_create_user_schema

      at log (migrations/migrationRunner.js:113:13)

    console.log
      
      [MIGRATION] Running: 001_create_user_schema

      at log (migrations/migrationRunner.js:70:11)

    console.log
      [MIGRATION] Created User collection

      at Object.log [as up] (migrations/001_create_user_schema.js:42:15)

    console.log
      [MIGRATION] Ô£ô Applied: 001_create_user_schema

      at log (migrations/migrationRunner.js:84:13)

    console.log
      
      [MIGRATION] Running: 001_create_user_schema

      at log (migrations/migrationRunner.js:70:11)

    console.log
      [MIGRATION] User collection already exists, skipping creation

      at Object.log [as up] (migrations/001_create_user_schema.js:37:17)

    console.log
      [MIGRATION] Ô£ô Applied: 001_create_user_schema

      at log (migrations/migrationRunner.js:84:13)

    console.log
      
      [MIGRATION] Running: 001_create_user_schema

      at log (migrations/migrationRunner.js:70:11)

    console.log
      [MIGRATION] User collection already exists, skipping creation

      at Object.log [as up] (migrations/001_create_user_schema.js:37:17)

    console.log
      [MIGRATION] Ô£ô Applied: 001_create_user_schema

      at log (migrations/migrationRunner.js:84:13)

    console.log
      
      [MIGRATION] Rolling back: 001_create_user_schema

      at log (migrations/migrationRunner.js:99:11)

    console.log
      [MIGRATION] Dropped User collection

      at Object.log [as down] (migrations/001_create_user_schema.js:59:17)

    console.log
      [MIGRATION] Ô£ô Rolled back: 001_create_user_schema

      at log (migrations/migrationRunner.js:113:13)

    console.log
      
      [MIGRATION] Running: 001_create_user_schema

      at log (migrations/migrationRunner.js:70:11)

    console.log
      [MIGRATION] Created User collection

      at Object.log [as up] (migrations/001_create_user_schema.js:42:15)

    console.log
      [MIGRATION] Ô£ô Applied: 001_create_user_schema

      at log (migrations/migrationRunner.js:84:13)

    console.log
      
      [MIGRATION] Running: 001_create_user_schema

      at log (migrations/migrationRunner.js:70:11)

    console.log
      [MIGRATION] User collection already exists, skipping creation

      at Object.log [as up] (migrations/001_create_user_schema.js:37:17)

    console.log
      [MIGRATION] Ô£ô Applied: 001_create_user_schema

      at log (migrations/migrationRunner.js:84:13)

    console.log
      
      [MIGRATION] Running: 002_add_githubUsername_unique_constraint

      at log (migrations/migrationRunner.js:70:11)

    console.log
      [MIGRATION] Index githubUsername_1 not found, skipping drop: index not fo
und with name [githubUsername_1]

      at Object.log [as up] (migrations/002_add_githubUsername_unique_constrain
t.js:31:19)

    console.log
      [MIGRATION] Index githubUsername_1_unique not found, skipping drop: index
 not found with name [githubUsername_1_unique]

      at Object.log [as up] (migrations/002_add_githubUsername_unique_constrain
t.js:31:19)

    console.log
      [MIGRATION] Created partial unique index on githubUsername

      at Object.log [as up] (migrations/002_add_githubUsername_unique_constrain
t.js:46:15)

    console.log
      [MIGRATION] Ô£ô Applied: 002_add_githubUsername_unique_constraint

      at log (migrations/migrationRunner.js:84:13)

    console.log
      
      [MIGRATION] Running: 001_create_user_schema

      at log (migrations/migrationRunner.js:70:11)

    console.log
      [MIGRATION] User collection already exists, skipping creation

      at Object.log [as up] (migrations/001_create_user_schema.js:37:17)

    console.log
      [MIGRATION] Ô£ô Applied: 001_create_user_schema

      at log (migrations/migrationRunner.js:84:13)

    console.log
      
      [MIGRATION] Running: 002_add_githubUsername_unique_constraint

      at log (migrations/migrationRunner.js:70:11)

    console.log
      [MIGRATION] Index githubUsername_1 not found, skipping drop: index not fo
und with name [githubUsername_1]

      at Object.log [as up] (migrations/002_add_githubUsername_unique_constrain
t.js:31:19)

    console.log
      [MIGRATION] Created partial unique index on githubUsername

      at Object.log [as up] (migrations/002_add_githubUsername_unique_constrain
t.js:46:15)

    console.log
      [MIGRATION] Ô£ô Applied: 002_add_githubUsername_unique_constraint

      at log (migrations/migrationRunner.js:84:13)

    console.log
      
      [MIGRATION] Running: 001_create_user_schema

      at log (migrations/migrationRunner.js:70:11)

    console.log
      [MIGRATION] User collection already exists, skipping creation

      at Object.log [as up] (migrations/001_create_user_schema.js:37:17)

    console.log
      [MIGRATION] Ô£ô Applied: 001_create_user_schema

      at log (migrations/migrationRunner.js:84:13)

    console.log
      
      [MIGRATION] Running: 002_add_githubUsername_unique_constraint

      at log (migrations/migrationRunner.js:70:11)

    console.log
      [MIGRATION] Index githubUsername_1 not found, skipping drop: index not fo
und with name [githubUsername_1]

      at Object.log [as up] (migrations/002_add_githubUsername_unique_constrain
t.js:31:19)

    console.log
      [MIGRATION] Created partial unique index on githubUsername

      at Object.log [as up] (migrations/002_add_githubUsername_unique_constrain
t.js:46:15)

    console.log
      [MIGRATION] Ô£ô Applied: 002_add_githubUsername_unique_constraint

      at log (migrations/migrationRunner.js:84:13)

    console.log
      
      [MIGRATION] Rolling back: 002_add_githubUsername_unique_constraint

      at log (migrations/migrationRunner.js:99:11)

    console.log
      [MIGRATION] Dropped partial unique index on githubUsername

      at Object.log [as down] (migrations/002_add_githubUsername_unique_constra
int.js:65:15)

    console.log
      [MIGRATION] Ô£ô Rolled back: 002_add_githubUsername_unique_constraint

      at log (migrations/migrationRunner.js:113:13)

    console.log
      
      [MIGRATION] Running: 001_create_user_schema

      at log (migrations/migrationRunner.js:70:11)

    console.log
      [MIGRATION] User collection already exists, skipping creation

      at Object.log [as up] (migrations/001_create_user_schema.js:37:17)

    console.log
      [MIGRATION] Ô£ô Applied: 001_create_user_schema

      at log (migrations/migrationRunner.js:84:13)

    console.log
      
      [MIGRATION] Running: 002_add_githubUsername_unique_constraint

      at log (migrations/migrationRunner.js:70:11)

    console.log
      [MIGRATION] Index githubUsername_1 not found, skipping drop: index not fo
und with name [githubUsername_1]

      at Object.log [as up] (migrations/002_add_githubUsername_unique_constrain
t.js:31:19)

    console.log
      [MIGRATION] Index githubUsername_1_unique not found, skipping drop: index
 not found with name [githubUsername_1_unique]

      at Object.log [as up] (migrations/002_add_githubUsername_unique_constrain
t.js:31:19)

    console.log
      [MIGRATION] Created partial unique index on githubUsername

      at Object.log [as up] (migrations/002_add_githubUsername_unique_constrain
t.js:46:15)

    console.log
      [MIGRATION] Ô£ô Applied: 002_add_githubUsername_unique_constraint

      at log (migrations/migrationRunner.js:84:13)

    console.log
      
      [MIGRATION] Running: 001_create_user_schema

      at log (migrations/migrationRunner.js:70:11)

    console.log
      [MIGRATION] User collection already exists, skipping creation

      at Object.log [as up] (migrations/001_create_user_schema.js:37:17)

    console.log
      [MIGRATION] Ô£ô Applied: 001_create_user_schema

      at log (migrations/migrationRunner.js:84:13)

    console.log
      
      [MIGRATION] Running: 002_add_githubUsername_unique_constraint

      at log (migrations/migrationRunner.js:70:11)

    console.log
      [MIGRATION] Index githubUsername_1 not found, skipping drop: index not fo
und with name [githubUsername_1]

      at Object.log [as up] (migrations/002_add_githubUsername_unique_constrain
t.js:31:19)

    console.log
      [MIGRATION] Created partial unique index on githubUsername

      at Object.log [as up] (migrations/002_add_githubUsername_unique_constrain
t.js:46:15)

    console.log
      [MIGRATION] Ô£ô Applied: 002_add_githubUsername_unique_constraint

      at log (migrations/migrationRunner.js:84:13)

    console.log
      
      [MIGRATION] Running: 001_create_user_schema

      at log (migrations/migrationRunner.js:70:11)

    console.log
      [MIGRATION] User collection already exists, skipping creation

      at Object.log [as up] (migrations/001_create_user_schema.js:37:17)

    console.log
      [MIGRATION] Ô£ô Applied: 001_create_user_schema

      at log (migrations/migrationRunner.js:84:13)

    console.log
      
      [MIGRATION] Running: 002_add_githubUsername_unique_constraint

      at log (migrations/migrationRunner.js:70:11)

    console.log
      [MIGRATION] Index githubUsername_1 not found, skipping drop: index not fo
und with name [githubUsername_1]

      at Object.log [as up] (migrations/002_add_githubUsername_unique_constrain
t.js:31:19)

    console.log
      [MIGRATION] Created partial unique index on githubUsername

      at Object.log [as up] (migrations/002_add_githubUsername_unique_constrain
t.js:46:15)

    console.log
      [MIGRATION] Ô£ô Applied: 002_add_githubUsername_unique_constraint

      at log (migrations/migrationRunner.js:84:13)

    console.log
      
      [MIGRATION] Rolling back: 002_add_githubUsername_unique_constraint

      at log (migrations/migrationRunner.js:99:11)

    console.log
      [MIGRATION] Dropped partial unique index on githubUsername

      at Object.log [as down] (migrations/002_add_githubUsername_unique_constra
int.js:65:15)

    console.log
      [MIGRATION] Ô£ô Rolled back: 002_add_githubUsername_unique_constraint

      at log (migrations/migrationRunner.js:113:13)

    console.log
      
      [MIGRATION] Rolling back: 001_create_user_schema

      at log (migrations/migrationRunner.js:99:11)

    console.log
      [MIGRATION] Dropped User collection

      at Object.log [as down] (migrations/001_create_user_schema.js:59:17)

    console.log
      [MIGRATION] Ô£ô Rolled back: 001_create_user_schema

      at log (migrations/migrationRunner.js:113:13)

    console.log
      
      [MIGRATION] Running: 001_create_user_schema

      at log (migrations/migrationRunner.js:70:11)

    console.log
      [MIGRATION] Created User collection

      at Object.log [as up] (migrations/001_create_user_schema.js:42:15)

    console.log
      [MIGRATION] Ô£ô Applied: 001_create_user_schema

      at log (migrations/migrationRunner.js:84:13)

    console.log
      
      [MIGRATION] Running: 002_add_githubUsername_unique_constraint

      at log (migrations/migrationRunner.js:70:11)

    console.log
      [MIGRATION] Index githubUsername_1 not found, skipping drop: index not fo
und with name [githubUsername_1]

      at Object.log [as up] (migrations/002_add_githubUsername_unique_constrain
t.js:31:19)

    console.log
      [MIGRATION] Index githubUsername_1_unique not found, skipping drop: index
 not found with name [githubUsername_1_unique]

      at Object.log [as up] (migrations/002_add_githubUsername_unique_constrain
t.js:31:19)

    console.log
      [MIGRATION] Created partial unique index on githubUsername

      at Object.log [as up] (migrations/002_add_githubUsername_unique_constrain
t.js:46:15)

    console.log
      [MIGRATION] Ô£ô Applied: 002_add_githubUsername_unique_constraint

      at log (migrations/migrationRunner.js:84:13)

    console.log
      
      [MIGRATION] Rolling back: 002_add_githubUsername_unique_constraint

      at log (migrations/migrationRunner.js:99:11)

    console.log
      [MIGRATION] Dropped partial unique index on githubUsername

      at Object.log [as down] (migrations/002_add_githubUsername_unique_constra
int.js:65:15)

    console.log
      [MIGRATION] Ô£ô Rolled back: 002_add_githubUsername_unique_constraint

      at log (migrations/migrationRunner.js:113:13)

    console.log
      
      [MIGRATION] Rolling back: 001_create_user_schema

      at log (migrations/migrationRunner.js:99:11)

    console.log
      [MIGRATION] Dropped User collection

      at Object.log [as down] (migrations/001_create_user_schema.js:59:17)

    console.log
      [MIGRATION] Ô£ô Rolled back: 001_create_user_schema

      at log (migrations/migrationRunner.js:113:13)

    console.log
      
      [MIGRATION] Running: 001_create_user_schema

      at log (migrations/migrationRunner.js:70:11)

    console.log
      [MIGRATION] Created User collection

      at Object.log [as up] (migrations/001_create_user_schema.js:42:15)

    console.log
      [MIGRATION] Ô£ô Applied: 001_create_user_schema

      at log (migrations/migrationRunner.js:84:13)

    console.log
      
      [MIGRATION] Running: 002_add_githubUsername_unique_constraint

      at log (migrations/migrationRunner.js:70:11)

    console.log
      [MIGRATION] Index githubUsername_1 not found, skipping drop: index not fo
und with name [githubUsername_1]

      at Object.log [as up] (migrations/002_add_githubUsername_unique_constrain
t.js:31:19)

    console.log
      [MIGRATION] Index githubUsername_1_unique not found, skipping drop: index
 not found with name [githubUsername_1_unique]

      at Object.log [as up] (migrations/002_add_githubUsername_unique_constrain
t.js:31:19)

    console.log
      [MIGRATION] Created partial unique index on githubUsername

      at Object.log [as up] (migrations/002_add_githubUsername_unique_constrain
t.js:46:15)

    console.log
      [MIGRATION] Ô£ô Applied: 002_add_githubUsername_unique_constraint

      at log (migrations/migrationRunner.js:84:13)

  ÔùÅ  process.exit called with "1"

    [0m [90m 41 |[39m   } [36mcatch[39m (error) {
     [90m 42 |[39m     console[33m.[39merror([32m'MongoDB connection error
:'[39m[33m,[39m error)[33m;[39m
    [31m[1m>[22m[39m[90m 43 |[39m     process[33m.[39mexit([35m1[39m)
[33m;[39m
     [90m    |[39m             [31m[1m^[22m[39m
     [90m 44 |[39m   }
     [90m 45 |[39m }[33m;[39m
     [90m 46 |[39m[0m

      at exit (src/index.js:43:13)
PASS tests/security-validation.test.js (5.354 s)
  ÔùÅ Console

    console.log
      
      [EMAIL] ÔöÇÔöÇ Password Reset Email ÔöÇÔöÇÔöÇÔöÇÔöÇÔöÇÔöÇÔöÇÔöÇÔöÇÔöÇÔöÇÔ
öÇÔöÇÔöÇÔöÇÔöÇ

      at log (src/services/emailService.js:329:11)

    console.log
      [EMAIL] To:    existing@example.com

      at log (src/services/emailService.js:330:11)

    console.log
      [EMAIL] Token: e786114db36654f44a38d2aa5bbf6d869065767b387fe2a2d5fb21c15b
4fab44

      at log (src/services/emailService.js:331:11)

    console.log
      [EMAIL] URL:   http://localhost:3000/auth/reset-password?token=e786114db3
6654f44a38d2aa5bbf6d869065767b387fe2a2d5fb21c15b4fab44

      at log (src/services/emailService.js:332:11)

    console.log
      [EMAIL] ÔöÇÔöÇÔöÇÔöÇÔöÇÔöÇÔöÇÔöÇÔöÇÔöÇÔöÇÔöÇÔöÇÔöÇÔöÇÔöÇÔöÇÔöÇÔöÇÔöÇÔöÇÔö
ÇÔöÇÔöÇÔöÇÔöÇÔöÇÔöÇÔöÇÔöÇÔöÇÔöÇÔöÇÔöÇÔöÇÔöÇÔöÇÔöÇÔöÇÔöÇ

      at log (src/services/emailService.js:333:11)

  ÔùÅ  process.exit called with "1"

    [0m [90m 41 |[39m   } [36mcatch[39m (error) {
     [90m 42 |[39m     console[33m.[39merror([32m'MongoDB connection error
:'[39m[33m,[39m error)[33m;[39m
    [31m[1m>[22m[39m[90m 43 |[39m     process[33m.[39mexit([35m1[39m)
[33m;[39m
     [90m    |[39m             [31m[1m^[22m[39m
     [90m 44 |[39m   }
     [90m 45 |[39m }[33m;[39m
     [90m 46 |[39m[0m

      at exit (src/index.js:43:13)
  ÔùÅ  process.exit called with "1"

    [0m [90m 41 |[39m   } [36mcatch[39m (error) {
     [90m 42 |[39m     console[33m.[39merror([32m'MongoDB connection error
:'[39m[33m,[39m error)[33m;[39m
    [31m[1m>[22m[39m[90m 43 |[39m     process[33m.[39mexit([35m1[39m)
[33m;[39m
     [90m    |[39m             [31m[1m^[22m[39m
     [90m 44 |[39m   }
     [90m 45 |[39m }[33m;[39m
     [90m 46 |[39m[0m

      at exit (src/index.js:43:13)
FAIL tests/onboarding.complete.test.js
  ÔùÅ Test suite failed to run

    Jest worker encountered 4 child process exceptions, exceeding retry limit

      at ChildProcessWorker.initialize (node_modules/jest-worker/build/workers/
ChildProcessWorker.js:181:21)

PASS tests/emailService.test.js (9.187 s)
  ÔùÅ Console

    console.warn
      [EMAIL] Transient failure (attempt 1/3), retrying in 1000ms: conn reset

    [0m [90m 113 |[39m       [36mif[39m (attempt [33m<[39m [33mMAX_ATTE
MPTS[39m) {
     [90m 114 |[39m         [36mconst[39m delay [33m=[39m [33mBASE_DELAY
_MS[39m [33m*[39m [33mMath[39m[33m.[39mpow([35m2[39m[33m,[39m attemp
t [33m-[39m [35m1[39m)[33m;[39m
    [31m[1m>[22m[39m[90m 115 |[39m         console[33m.[39mwarn(
     [90m     |[39m                 [31m[1m^[22m[39m
     [90m 116 |[39m           [32m`[EMAIL] Transient failure (attempt ${atte
mpt}/${MAX_ATTEMPTS}), retrying in ${delay}ms:`[39m[33m,[39m
     [90m 117 |[39m           err[33m.[39mmessage
     [90m 118 |[39m         )[33m;[39m[0m

      at warn (src/services/emailService.js:115:17)
      at Object.<anonymous> (tests/emailService.test.js:114:20)

    console.warn
      [EMAIL] Transient failure (attempt 1/3), retrying in 1000ms: timeout

    [0m [90m 113 |[39m       [36mif[39m (attempt [33m<[39m [33mMAX_ATTE
MPTS[39m) {
     [90m 114 |[39m         [36mconst[39m delay [33m=[39m [33mBASE_DELAY
_MS[39m [33m*[39m [33mMath[39m[33m.[39mpow([35m2[39m[33m,[39m attemp
t [33m-[39m [35m1[39m)[33m;[39m
    [31m[1m>[22m[39m[90m 115 |[39m         console[33m.[39mwarn(
     [90m     |[39m                 [31m[1m^[22m[39m
     [90m 116 |[39m           [32m`[EMAIL] Transient failure (attempt ${atte
mpt}/${MAX_ATTEMPTS}), retrying in ${delay}ms:`[39m[33m,[39m
     [90m 117 |[39m           err[33m.[39mmessage
     [90m 118 |[39m         )[33m;[39m[0m

      at warn (src/services/emailService.js:115:17)
      at Object.<anonymous> (tests/emailService.test.js:125:20)

    console.warn
      [EMAIL] Transient failure (attempt 2/3), retrying in 2000ms: timeout

    [0m [90m 113 |[39m       [36mif[39m (attempt [33m<[39m [33mMAX_ATTE
MPTS[39m) {
     [90m 114 |[39m         [36mconst[39m delay [33m=[39m [33mBASE_DELAY
_MS[39m [33m*[39m [33mMath[39m[33m.[39mpow([35m2[39m[33m,[39m attemp
t [33m-[39m [35m1[39m)[33m;[39m
    [31m[1m>[22m[39m[90m 115 |[39m         console[33m.[39mwarn(
     [90m     |[39m                 [31m[1m^[22m[39m
     [90m 116 |[39m           [32m`[EMAIL] Transient failure (attempt ${atte
mpt}/${MAX_ATTEMPTS}), retrying in ${delay}ms:`[39m[33m,[39m
     [90m 117 |[39m           err[33m.[39mmessage
     [90m 118 |[39m         )[33m;[39m[0m

      at warn (src/services/emailService.js:115:17)
      at Object.<anonymous> (tests/emailService.test.js:125:20)

    console.error
      [EMAIL] All 3 attempts exhausted for a@b.com: timeout

    [0m [90m 119 |[39m         [36mawait[39m sleep(delay)[33m;[39m
     [90m 120 |[39m       } [36melse[39m {
    [31m[1m>[22m[39m[90m 121 |[39m         console[33m.[39merror([32m`
[EMAIL] All ${MAX_ATTEMPTS} attempts exhausted for ${mailOptions.to}:`[39m[33
m,[39m err[33m.[39mmessage)[33m;[39m
     [90m     |[39m                 [31m[1m^[22m[39m
     [90m 122 |[39m       }
     [90m 123 |[39m     }
     [90m 124 |[39m   }[0m

      at error (src/services/emailService.js:121:17)
      at Object.<anonymous> (tests/emailService.test.js:125:20)

    console.error
      [EMAIL] Permanent failure (attempt 1) to bad@bad.com: invalid recipient

    [0m [90m 107 |[39m       [36mif[39m ([33m![39misTransientError(err))
 {
     [90m 108 |[39m         [90m// Permanent failure ÔÇö stop immediately[3
9m
    [31m[1m>[22m[39m[90m 109 |[39m         console[33m.[39merror([32m`
[EMAIL] Permanent failure (attempt ${attempt}) to ${mailOptions.to}:`[39m[33m
,[39m err[33m.[39mmessage)[33m;[39m
     [90m     |[39m                 [31m[1m^[22m[39m
     [90m 110 |[39m         [36mreturn[39m { success[33m:[39m [36mfalse
[39m[33m,[39m error[33m:[39m err[33m.[39mmessage[33m,[39m attempts[33m
:[39m attempt[33m,[39m permanent[33m:[39m [36mtrue[39m }[33m;[39m
     [90m 111 |[39m       }
     [90m 112 |[39m[0m

      at error (src/services/emailService.js:109:17)
      at Object.<anonymous> (tests/emailService.test.js:137:20)

    console.log
      
      [EMAIL] ÔöÇÔöÇ Verification Email ÔöÇÔöÇÔöÇÔöÇÔöÇÔöÇÔöÇÔöÇÔöÇÔöÇÔöÇÔöÇÔöÇ
ÔöÇÔöÇÔöÇÔöÇÔöÇ

      at log (src/services/emailService.js:277:11)

    console.log
      [EMAIL] To:    user@example.com

      at log (src/services/emailService.js:278:11)

    console.log
      [EMAIL] Token: tok123

      at log (src/services/emailService.js:279:11)

    console.log
      [EMAIL] URL:   http://localhost:3000/onboarding?step=verify-email&token=t
ok123

      at log (src/services/emailService.js:280:11)

    console.log
      [EMAIL] ÔöÇÔöÇÔöÇÔöÇÔöÇÔöÇÔöÇÔöÇÔöÇÔöÇÔöÇÔöÇÔöÇÔöÇÔöÇÔöÇÔöÇÔöÇÔöÇÔöÇÔöÇÔö
ÇÔöÇÔöÇÔöÇÔöÇÔöÇÔöÇÔöÇÔöÇÔöÇÔöÇÔöÇÔöÇÔöÇÔöÇÔöÇÔöÇÔöÇÔöÇ

      at log (src/services/emailService.js:281:11)

    console.log
      
      [EMAIL] ÔöÇÔöÇ Password Reset Email ÔöÇÔöÇÔöÇÔöÇÔöÇÔöÇÔöÇÔöÇÔöÇÔöÇÔöÇÔöÇÔ
öÇÔöÇÔöÇÔöÇÔöÇ

      at log (src/services/emailService.js:329:11)

    console.log
      [EMAIL] To:    user@example.com

      at log (src/services/emailService.js:330:11)

    console.log
      [EMAIL] Token: resetTok

      at log (src/services/emailService.js:331:11)

    console.log
      [EMAIL] URL:   http://localhost:3000/auth/reset-password?token=resetTok

      at log (src/services/emailService.js:332:11)

    console.log
      [EMAIL] ÔöÇÔöÇÔöÇÔöÇÔöÇÔöÇÔöÇÔöÇÔöÇÔöÇÔöÇÔöÇÔöÇÔöÇÔöÇÔöÇÔöÇÔöÇÔöÇÔöÇÔöÇÔö
ÇÔöÇÔöÇÔöÇÔöÇÔöÇÔöÇÔöÇÔöÇÔöÇÔöÇÔöÇÔöÇÔöÇÔöÇÔöÇÔöÇÔöÇÔöÇ

      at log (src/services/emailService.js:333:11)

    console.log
      
      [EMAIL] ÔöÇÔöÇ Account Ready Email ÔöÇÔöÇÔöÇÔöÇÔöÇÔöÇÔöÇÔöÇÔöÇÔöÇÔöÇÔöÇÔö
ÇÔöÇÔöÇÔöÇÔöÇ

      at log (src/services/emailService.js:381:11)

    console.log
      [EMAIL] To:      user@example.com

      at log (src/services/emailService.js:382:11)

    console.log
      [EMAIL] Role:    student

      at log (src/services/emailService.js:383:11)

    console.log
      [EMAIL] Subject: Your student account is ready!

      at log (src/services/emailService.js:384:11)

    console.log
      [EMAIL] ÔöÇÔöÇÔöÇÔöÇÔöÇÔöÇÔöÇÔöÇÔöÇÔöÇÔöÇÔöÇÔöÇÔöÇÔöÇÔöÇÔöÇÔöÇÔöÇÔöÇÔöÇÔö
ÇÔöÇÔöÇÔöÇÔöÇÔöÇÔöÇÔöÇÔöÇÔöÇÔöÇÔöÇÔöÇÔöÇÔöÇÔöÇÔöÇÔöÇÔöÇ

      at log (src/services/emailService.js:385:11)

    console.log
      
      [EMAIL] ÔöÇÔöÇ Verification Email ÔöÇÔöÇÔöÇÔöÇÔöÇÔöÇÔöÇÔöÇÔöÇÔöÇÔöÇÔöÇÔöÇ
ÔöÇÔöÇÔöÇÔöÇÔöÇ

      at log (src/services/emailService.js:277:11)

    console.log
      [EMAIL] To:    student@example.com

      at log (src/services/emailService.js:278:11)

    console.log
      [EMAIL] Token: abc123

      at log (src/services/emailService.js:279:11)

    console.log
      [EMAIL] URL:   http://localhost:3000/onboarding?step=verify-email&token=a
bc123

      at log (src/services/emailService.js:280:11)

    console.log
      [EMAIL] ÔöÇÔöÇÔöÇÔöÇÔöÇÔöÇÔöÇÔöÇÔöÇÔöÇÔöÇÔöÇÔöÇÔöÇÔöÇÔöÇÔöÇÔöÇÔöÇÔöÇÔöÇÔö
ÇÔöÇÔöÇÔöÇÔöÇÔöÇÔöÇÔöÇÔöÇÔöÇÔöÇÔöÇÔöÇÔöÇÔöÇÔöÇÔöÇÔöÇÔöÇ

      at log (src/services/emailService.js:281:11)

    console.log
      
      [EMAIL] ÔöÇÔöÇ Verification Email ÔöÇÔöÇÔöÇÔöÇÔöÇÔöÇÔöÇÔöÇÔöÇÔöÇÔöÇÔöÇÔöÇ
ÔöÇÔöÇÔöÇÔöÇÔöÇ

      at log (src/services/emailService.js:277:11)

    console.log
      [EMAIL] To:    bad@bad.com

      at log (src/services/emailService.js:278:11)

    console.log
      [EMAIL] Token: tok

      at log (src/services/emailService.js:279:11)

    console.log
      [EMAIL] URL:   http://localhost:3000/onboarding?step=verify-email&token=t
ok

      at log (src/services/emailService.js:280:11)

    console.log
      [EMAIL] ÔöÇÔöÇÔöÇÔöÇÔöÇÔöÇÔöÇÔöÇÔöÇÔöÇÔöÇÔöÇÔöÇÔöÇÔöÇÔöÇÔöÇÔöÇÔöÇÔöÇÔöÇÔö
ÇÔöÇÔöÇÔöÇÔöÇÔöÇÔöÇÔöÇÔöÇÔöÇÔöÇÔöÇÔöÇÔöÇÔöÇÔöÇÔöÇÔöÇÔöÇ

      at log (src/services/emailService.js:281:11)

    console.error
      [EMAIL] Permanent failure (attempt 1) to bad@bad.com: bad address

    [0m [90m 107 |[39m       [36mif[39m ([33m![39misTransientError(err))
 {
     [90m 108 |[39m         [90m// Permanent failure ÔÇö stop immediately[3
9m
    [31m[1m>[22m[39m[90m 109 |[39m         console[33m.[39merror([32m`
[EMAIL] Permanent failure (attempt ${attempt}) to ${mailOptions.to}:`[39m[33m
,[39m err[33m.[39mmessage)[33m;[39m
     [90m     |[39m                 [31m[1m^[22m[39m
     [90m 110 |[39m         [36mreturn[39m { success[33m:[39m [36mfalse
[39m[33m,[39m error[33m:[39m err[33m.[39mmessage[33m,[39m attempts[33m
:[39m attempt[33m,[39m permanent[33m:[39m [36mtrue[39m }[33m;[39m
     [90m 111 |[39m       }
     [90m 112 |[39m[0m

      at error (src/services/emailService.js:109:17)
      at sendVerificationEmail (src/services/emailService.js:290:18)
      at Object.<anonymous> (tests/emailService.test.js:223:20)

    console.log
      
      [EMAIL] ÔöÇÔöÇ Verification Email ÔöÇÔöÇÔöÇÔöÇÔöÇÔöÇÔöÇÔöÇÔöÇÔöÇÔöÇÔöÇÔöÇ
ÔöÇÔöÇÔöÇÔöÇÔöÇ

      at log (src/services/emailService.js:277:11)

    console.log
      [EMAIL] To:    user@example.com

      at log (src/services/emailService.js:278:11)

    console.log
      [EMAIL] Token: tok

      at log (src/services/emailService.js:279:11)

    console.log
      [EMAIL] URL:   http://localhost:3000/onboarding?step=verify-email&token=t
ok

      at log (src/services/emailService.js:280:11)

    console.log
      [EMAIL] ÔöÇÔöÇÔöÇÔöÇÔöÇÔöÇÔöÇÔöÇÔöÇÔöÇÔöÇÔöÇÔöÇÔöÇÔöÇÔöÇÔöÇÔöÇÔöÇÔöÇÔöÇÔö
ÇÔöÇÔöÇÔöÇÔöÇÔöÇÔöÇÔöÇÔöÇÔöÇÔöÇÔöÇÔöÇÔöÇÔöÇÔöÇÔöÇÔöÇÔöÇ

      at log (src/services/emailService.js:281:11)

    console.warn
      [EMAIL] Transient failure (attempt 1/3), retrying in 1000ms: conn reset

    [0m [90m 113 |[39m       [36mif[39m (attempt [33m<[39m [33mMAX_ATTE
MPTS[39m) {
     [90m 114 |[39m         [36mconst[39m delay [33m=[39m [33mBASE_DELAY
_MS[39m [33m*[39m [33mMath[39m[33m.[39mpow([35m2[39m[33m,[39m attemp
t [33m-[39m [35m1[39m)[33m;[39m
    [31m[1m>[22m[39m[90m 115 |[39m         console[33m.[39mwarn(
     [90m     |[39m                 [31m[1m^[22m[39m
     [90m 116 |[39m           [32m`[EMAIL] Transient failure (attempt ${atte
mpt}/${MAX_ATTEMPTS}), retrying in ${delay}ms:`[39m[33m,[39m
     [90m 117 |[39m           err[33m.[39mmessage
     [90m 118 |[39m         )[33m;[39m[0m

      at warn (src/services/emailService.js:115:17)
      at sendVerificationEmail (src/services/emailService.js:290:18)
      at Object.<anonymous> (tests/emailService.test.js:238:20)

    console.warn
      [EMAIL] Transient failure (attempt 2/3), retrying in 2000ms: conn reset

    [0m [90m 113 |[39m       [36mif[39m (attempt [33m<[39m [33mMAX_ATTE
MPTS[39m) {
     [90m 114 |[39m         [36mconst[39m delay [33m=[39m [33mBASE_DELAY
_MS[39m [33m*[39m [33mMath[39m[33m.[39mpow([35m2[39m[33m,[39m attemp
t [33m-[39m [35m1[39m)[33m;[39m
    [31m[1m>[22m[39m[90m 115 |[39m         console[33m.[39mwarn(
     [90m     |[39m                 [31m[1m^[22m[39m
     [90m 116 |[39m           [32m`[EMAIL] Transient failure (attempt ${atte
mpt}/${MAX_ATTEMPTS}), retrying in ${delay}ms:`[39m[33m,[39m
     [90m 117 |[39m           err[33m.[39mmessage
     [90m 118 |[39m         )[33m;[39m[0m

      at warn (src/services/emailService.js:115:17)
      at sendVerificationEmail (src/services/emailService.js:290:18)
      at Object.<anonymous> (tests/emailService.test.js:238:20)

    console.error
      [EMAIL] All 3 attempts exhausted for user@example.com: conn reset

    [0m [90m 119 |[39m         [36mawait[39m sleep(delay)[33m;[39m
     [90m 120 |[39m       } [36melse[39m {
    [31m[1m>[22m[39m[90m 121 |[39m         console[33m.[39merror([32m`
[EMAIL] All ${MAX_ATTEMPTS} attempts exhausted for ${mailOptions.to}:`[39m[33
m,[39m err[33m.[39mmessage)[33m;[39m
     [90m     |[39m                 [31m[1m^[22m[39m
     [90m 122 |[39m       }
     [90m 123 |[39m     }
     [90m 124 |[39m   }[0m

      at error (src/services/emailService.js:121:17)
      at sendVerificationEmail (src/services/emailService.js:290:18)
      at Object.<anonymous> (tests/emailService.test.js:238:20)

    console.log
      
      [EMAIL] ÔöÇÔöÇ Verification Email ÔöÇÔöÇÔöÇÔöÇÔöÇÔöÇÔöÇÔöÇÔöÇÔöÇÔöÇÔöÇÔöÇ
ÔöÇÔöÇÔöÇÔöÇÔöÇ

      at log (src/services/emailService.js:277:11)

    console.log
      [EMAIL] To:    anon@example.com

      at log (src/services/emailService.js:278:11)

    console.log
      [EMAIL] Token: tok

      at log (src/services/emailService.js:279:11)

    console.log
      [EMAIL] URL:   http://localhost:3000/onboarding?step=verify-email&token=t
ok

      at log (src/services/emailService.js:280:11)

    console.log
      [EMAIL] ÔöÇÔöÇÔöÇÔöÇÔöÇÔöÇÔöÇÔöÇÔöÇÔöÇÔöÇÔöÇÔöÇÔöÇÔöÇÔöÇÔöÇÔöÇÔöÇÔöÇÔöÇÔö
ÇÔöÇÔöÇÔöÇÔöÇÔöÇÔöÇÔöÇÔöÇÔöÇÔöÇÔöÇÔöÇÔöÇÔöÇÔöÇÔöÇÔöÇÔöÇ

      at log (src/services/emailService.js:281:11)

    console.log
      
      [EMAIL] ÔöÇÔöÇ Password Reset Email ÔöÇÔöÇÔöÇÔöÇÔöÇÔöÇÔöÇÔöÇÔöÇÔöÇÔöÇÔöÇÔ
öÇÔöÇÔöÇÔöÇÔöÇ

      at log (src/services/emailService.js:329:11)

    console.log
      [EMAIL] To:    user@example.com

      at log (src/services/emailService.js:330:11)

    console.log
      [EMAIL] Token: resetToken

      at log (src/services/emailService.js:331:11)

    console.log
      [EMAIL] URL:   http://localhost:3000/auth/reset-password?token=resetToken

      at log (src/services/emailService.js:332:11)

    console.log
      [EMAIL] ÔöÇÔöÇÔöÇÔöÇÔöÇÔöÇÔöÇÔöÇÔöÇÔöÇÔöÇÔöÇÔöÇÔöÇÔöÇÔöÇÔöÇÔöÇÔöÇÔöÇÔöÇÔö
ÇÔöÇÔöÇÔöÇÔöÇÔöÇÔöÇÔöÇÔöÇÔöÇÔöÇÔöÇÔöÇÔöÇÔöÇÔöÇÔöÇÔöÇÔöÇ

      at log (src/services/emailService.js:333:11)

    console.log
      
      [EMAIL] ÔöÇÔöÇ Password Reset Email ÔöÇÔöÇÔöÇÔöÇÔöÇÔöÇÔöÇÔöÇÔöÇÔöÇÔöÇÔöÇÔ
öÇÔöÇÔöÇÔöÇÔöÇ

      at log (src/services/emailService.js:329:11)

    console.log
      [EMAIL] To:    bad@bad.com

      at log (src/services/emailService.js:330:11)

    console.log
      [EMAIL] Token: tok

      at log (src/services/emailService.js:331:11)

    console.log
      [EMAIL] URL:   http://localhost:3000/auth/reset-password?token=tok

      at log (src/services/emailService.js:332:11)

    console.log
      [EMAIL] ÔöÇÔöÇÔöÇÔöÇÔöÇÔöÇÔöÇÔöÇÔöÇÔöÇÔöÇÔöÇÔöÇÔöÇÔöÇÔöÇÔöÇÔöÇÔöÇÔöÇÔöÇÔö
ÇÔöÇÔöÇÔöÇÔöÇÔöÇÔöÇÔöÇÔöÇÔöÇÔöÇÔöÇÔöÇÔöÇÔöÇÔöÇÔöÇÔöÇÔöÇ

      at log (src/services/emailService.js:333:11)

    console.error
      [EMAIL] Permanent failure (attempt 1) to bad@bad.com: invalid

    [0m [90m 107 |[39m       [36mif[39m ([33m![39misTransientError(err))
 {
     [90m 108 |[39m         [90m// Permanent failure ÔÇö stop immediately[3
9m
    [31m[1m>[22m[39m[90m 109 |[39m         console[33m.[39merror([32m`
[EMAIL] Permanent failure (attempt ${attempt}) to ${mailOptions.to}:`[39m[33m
,[39m err[33m.[39mmessage)[33m;[39m
     [90m     |[39m                 [31m[1m^[22m[39m
     [90m 110 |[39m         [36mreturn[39m { success[33m:[39m [36mfalse
[39m[33m,[39m error[33m:[39m err[33m.[39mmessage[33m,[39m attempts[33m
:[39m attempt[33m,[39m permanent[33m:[39m [36mtrue[39m }[33m;[39m
     [90m 111 |[39m       }
     [90m 112 |[39m[0m

      at error (src/services/emailService.js:109:17)
      at sendPasswordResetEmail (src/services/emailService.js:342:18)
      at Object.<anonymous> (tests/emailService.test.js:291:20)

    console.log
      
      [EMAIL] ÔöÇÔöÇ Account Ready Email ÔöÇÔöÇÔöÇÔöÇÔöÇÔöÇÔöÇÔöÇÔöÇÔöÇÔöÇÔöÇÔö
ÇÔöÇÔöÇÔöÇÔöÇ

      at log (src/services/emailService.js:381:11)

    console.log
      [EMAIL] To:      user@example.com

      at log (src/services/emailService.js:382:11)

    console.log
      [EMAIL] Role:    student

      at log (src/services/emailService.js:383:11)

    console.log
      [EMAIL] Subject: Your student account is ready!

      at log (src/services/emailService.js:384:11)

    console.log
      [EMAIL] ÔöÇÔöÇÔöÇÔöÇÔöÇÔöÇÔöÇÔöÇÔöÇÔöÇÔöÇÔöÇÔöÇÔöÇÔöÇÔöÇÔöÇÔöÇÔöÇÔöÇÔöÇÔö
ÇÔöÇÔöÇÔöÇÔöÇÔöÇÔöÇÔöÇÔöÇÔöÇÔöÇÔöÇÔöÇÔöÇÔöÇÔöÇÔöÇÔöÇÔöÇ

      at log (src/services/emailService.js:385:11)

    console.log
      
      [EMAIL] ÔöÇÔöÇ Account Ready Email ÔöÇÔöÇÔöÇÔöÇÔöÇÔöÇÔöÇÔöÇÔöÇÔöÇÔöÇÔöÇÔö
ÇÔöÇÔöÇÔöÇÔöÇ

      at log (src/services/emailService.js:381:11)

    console.log
      [EMAIL] To:      user@example.com

      at log (src/services/emailService.js:382:11)

    console.log
      [EMAIL] Role:    professor

      at log (src/services/emailService.js:383:11)

    console.log
      [EMAIL] Subject: Your professor account is ready!

      at log (src/services/emailService.js:384:11)

    console.log
      [EMAIL] ÔöÇÔöÇÔöÇÔöÇÔöÇÔöÇÔöÇÔöÇÔöÇÔöÇÔöÇÔöÇÔöÇÔöÇÔöÇÔöÇÔöÇÔöÇÔöÇÔöÇÔöÇÔö
ÇÔöÇÔöÇÔöÇÔöÇÔöÇÔöÇÔöÇÔöÇÔöÇÔöÇÔöÇÔöÇÔöÇÔöÇÔöÇÔöÇÔöÇÔöÇ

      at log (src/services/emailService.js:385:11)

    console.log
      
      [EMAIL] ÔöÇÔöÇ Account Ready Email ÔöÇÔöÇÔöÇÔöÇÔöÇÔöÇÔöÇÔöÇÔöÇÔöÇÔöÇÔöÇÔö
ÇÔöÇÔöÇÔöÇÔöÇ

      at log (src/services/emailService.js:381:11)

    console.log
      [EMAIL] To:      user@example.com

      at log (src/services/emailService.js:382:11)

    console.log
      [EMAIL] Role:    admin

      at log (src/services/emailService.js:383:11)

    console.log
      [EMAIL] Subject: Your admin account is ready

      at log (src/services/emailService.js:384:11)

    console.log
      [EMAIL] ÔöÇÔöÇÔöÇÔöÇÔöÇÔöÇÔöÇÔöÇÔöÇÔöÇÔöÇÔöÇÔöÇÔöÇÔöÇÔöÇÔöÇÔöÇÔöÇÔöÇÔöÇÔö
ÇÔöÇÔöÇÔöÇÔöÇÔöÇÔöÇÔöÇÔöÇÔöÇÔöÇÔöÇÔöÇÔöÇÔöÇÔöÇÔöÇÔöÇÔöÇ

      at log (src/services/emailService.js:385:11)

    console.log
      
      [EMAIL] ÔöÇÔöÇ Account Ready Email ÔöÇÔöÇÔöÇÔöÇÔöÇÔöÇÔöÇÔöÇÔöÇÔöÇÔöÇÔöÇÔö
ÇÔöÇÔöÇÔöÇÔöÇ

      at log (src/services/emailService.js:381:11)

    console.log
      [EMAIL] To:      user@example.com

      at log (src/services/emailService.js:382:11)

    console.log
      [EMAIL] Role:    committee_member

      at log (src/services/emailService.js:383:11)

    console.log
      [EMAIL] Subject: Your coordinator account is ready

      at log (src/services/emailService.js:384:11)

    console.log
      [EMAIL] ÔöÇÔöÇÔöÇÔöÇÔöÇÔöÇÔöÇÔöÇÔöÇÔöÇÔöÇÔöÇÔöÇÔöÇÔöÇÔöÇÔöÇÔöÇÔöÇÔöÇÔöÇÔö
ÇÔöÇÔöÇÔöÇÔöÇÔöÇÔöÇÔöÇÔöÇÔöÇÔöÇÔöÇÔöÇÔöÇÔöÇÔöÇÔöÇÔöÇÔöÇ

      at log (src/services/emailService.js:385:11)

    console.log
      
      [EMAIL] ÔöÇÔöÇ Account Ready Email ÔöÇÔöÇÔöÇÔöÇÔöÇÔöÇÔöÇÔöÇÔöÇÔöÇÔöÇÔöÇÔö
ÇÔöÇÔöÇÔöÇÔöÇ

      at log (src/services/emailService.js:381:11)

    console.log
      [EMAIL] To:      user@example.com

      at log (src/services/emailService.js:382:11)

    console.log
      [EMAIL] Role:    unknown_role

      at log (src/services/emailService.js:383:11)

    console.log
      [EMAIL] Subject: Your student account is ready!

      at log (src/services/emailService.js:384:11)

    console.log
      [EMAIL] ÔöÇÔöÇÔöÇÔöÇÔöÇÔöÇÔöÇÔöÇÔöÇÔöÇÔöÇÔöÇÔöÇÔöÇÔöÇÔöÇÔöÇÔöÇÔöÇÔöÇÔöÇÔö
ÇÔöÇÔöÇÔöÇÔöÇÔöÇÔöÇÔöÇÔöÇÔöÇÔöÇÔöÇÔöÇÔöÇÔöÇÔöÇÔöÇÔöÇÔöÇ

      at log (src/services/emailService.js:385:11)

    console.log
      
      [EMAIL] ÔöÇÔöÇ Account Ready Email ÔöÇÔöÇÔöÇÔöÇÔöÇÔöÇÔöÇÔöÇÔöÇÔöÇÔöÇÔöÇÔö
ÇÔöÇÔöÇÔöÇÔöÇ

      at log (src/services/emailService.js:381:11)

    console.log
      [EMAIL] To:      bad@bad.com

      at log (src/services/emailService.js:382:11)

    console.log
      [EMAIL] Role:    student

      at log (src/services/emailService.js:383:11)

    console.log
      [EMAIL] Subject: Your student account is ready!

      at log (src/services/emailService.js:384:11)

    console.log
      [EMAIL] ÔöÇÔöÇÔöÇÔöÇÔöÇÔöÇÔöÇÔöÇÔöÇÔöÇÔöÇÔöÇÔöÇÔöÇÔöÇÔöÇÔöÇÔöÇÔöÇÔöÇÔöÇÔö
ÇÔöÇÔöÇÔöÇÔöÇÔöÇÔöÇÔöÇÔöÇÔöÇÔöÇÔöÇÔöÇÔöÇÔöÇÔöÇÔöÇÔöÇÔöÇ

      at log (src/services/emailService.js:385:11)

    console.error
      [EMAIL] Permanent failure (attempt 1) to bad@bad.com: rejected

    [0m [90m 107 |[39m       [36mif[39m ([33m![39misTransientError(err))
 {
     [90m 108 |[39m         [90m// Permanent failure ÔÇö stop immediately[3
9m
    [31m[1m>[22m[39m[90m 109 |[39m         console[33m.[39merror([32m`
[EMAIL] Permanent failure (attempt ${attempt}) to ${mailOptions.to}:`[39m[33m
,[39m err[33m.[39mmessage)[33m;[39m
     [90m     |[39m                 [31m[1m^[22m[39m
     [90m 110 |[39m         [36mreturn[39m { success[33m:[39m [36mfalse
[39m[33m,[39m error[33m:[39m err[33m.[39mmessage[33m,[39m attempts[33m
:[39m attempt[33m,[39m permanent[33m:[39m [36mtrue[39m }[33m;[39m
     [90m 111 |[39m       }
     [90m 112 |[39m[0m

      at error (src/services/emailService.js:109:17)
      at sendAccountReadyEmail (src/services/emailService.js:393:18)
      at Object.<anonymous> (tests/emailService.test.js:352:20)

PASS tests/github-oauth.test.js (10.741 s)
  ÔùÅ Console

    console.error
      GitHub token exchange error: The code is invalid.

    [0m [90m 471 |[39m
     [90m 472 |[39m       [36mif[39m (tokenResponse[33m.[39mdata[33m.[3
9merror) {
    [31m[1m>[22m[39m[90m 473 |[39m         console[33m.[39merror([32m'
GitHub token exchange error:'[39m[33m,[39m tokenResponse[33m.[39mdata[33m
.[39merror_description)[33m;[39m
     [90m     |[39m                 [31m[1m^[22m[39m
     [90m 474 |[39m         [36mreturn[39m redirectError([32m'TOKEN_EXCHAN
GE_FAILED'[39m)[33m;[39m
     [90m 475 |[39m       }
     [90m 476 |[39m[0m

      at error (src/controllers/auth.js:473:17)
      at Object.<anonymous> (tests/github-oauth.test.js:213:7)

    console.error
      GitHub token exchange request failed: Network error

    [0m [90m 477 |[39m       githubAccessToken [33m=[39m tokenResponse[33
m.[39mdata[33m.[39maccess_token[33m;[39m
     [90m 478 |[39m     } [36mcatch[39m (exchangeError) {
    [31m[1m>[22m[39m[90m 479 |[39m       console[33m.[39merror([32m'Gi
tHub token exchange request failed:'[39m[33m,[39m exchangeError[33m.[39mme
ssage)[33m;[39m
     [90m     |[39m               [31m[1m^[22m[39m
     [90m 480 |[39m       [36mreturn[39m redirectError([32m'TOKEN_EXCHANGE
_FAILED'[39m)[33m;[39m
     [90m 481 |[39m     }
     [90m 482 |[39m[0m

      at error (src/controllers/auth.js:479:15)
      at Object.<anonymous> (tests/github-oauth.test.js:226:7)

    console.error
      GitHub /user API failed: GitHub API down

    [0m [90m 494 |[39m       githubId [33m=[39m [33mString[39m(userRespo
nse[33m.[39mdata[33m.[39mid)[33m;[39m
     [90m 495 |[39m     } [36mcatch[39m (userError) {
    [31m[1m>[22m[39m[90m 496 |[39m       console[33m.[39merror([32m'Gi
tHub /user API failed:'[39m[33m,[39m userError[33m.[39mmessage)[33m;[39m
     [90m     |[39m               [31m[1m^[22m[39m
     [90m 497 |[39m       [36mreturn[39m redirectError([32m'GITHUB_API_FAI
LED'[39m)[33m;[39m
     [90m 498 |[39m     }
     [90m 499 |[39m[0m

      at error (src/controllers/auth.js:496:15)
      at Object.<anonymous> (tests/github-oauth.test.js:240:7)

    console.error
      GitHub token exchange request failed: ECONNREFUSED

    [0m [90m 477 |[39m       githubAccessToken [33m=[39m tokenResponse[33
m.[39mdata[33m.[39maccess_token[33m;[39m
     [90m 478 |[39m     } [36mcatch[39m (exchangeError) {
    [31m[1m>[22m[39m[90m 479 |[39m       console[33m.[39merror([32m'Gi
tHub token exchange request failed:'[39m[33m,[39m exchangeError[33m.[39mme
ssage)[33m;[39m
     [90m     |[39m               [31m[1m^[22m[39m
     [90m 480 |[39m       [36mreturn[39m redirectError([32m'TOKEN_EXCHANGE
_FAILED'[39m)[33m;[39m
     [90m 481 |[39m     }
     [90m 482 |[39m[0m

      at error (src/controllers/auth.js:479:15)
      at Object.<anonymous> (tests/github-oauth.test.js:504:9)

    console.error
      GitHub /user API failed: 503 Service Unavailable

    [0m [90m 494 |[39m       githubId [33m=[39m [33mString[39m(userRespo
nse[33m.[39mdata[33m.[39mid)[33m;[39m
     [90m 495 |[39m     } [36mcatch[39m (userError) {
    [31m[1m>[22m[39m[90m 496 |[39m       console[33m.[39merror([32m'Gi
tHub /user API failed:'[39m[33m,[39m userError[33m.[39mmessage)[33m;[39m
     [90m     |[39m               [31m[1m^[22m[39m
     [90m 497 |[39m       [36mreturn[39m redirectError([32m'GITHUB_API_FAI
LED'[39m)[33m;[39m
     [90m 498 |[39m     }
     [90m 499 |[39m[0m

      at error (src/controllers/auth.js:496:15)
      at Object.<anonymous> (tests/github-oauth.test.js:519:9)

PASS tests/auth.test.js (13.581 s)
  ÔùÅ Console

    console.log
      
      [EMAIL] ÔöÇÔöÇ Password Reset Email ÔöÇÔöÇÔöÇÔöÇÔöÇÔöÇÔöÇÔöÇÔöÇÔöÇÔöÇÔöÇÔ
öÇÔöÇÔöÇÔöÇÔöÇ

      at log (src/services/emailService.js:329:11)

    console.log
      [EMAIL] To:    known@example.com

      at log (src/services/emailService.js:330:11)

    console.log
      [EMAIL] Token: 10cce9812331e8f1c9f53571588e2df09eed5a2158c338cf3ee88518db
2afd09

      at log (src/services/emailService.js:331:11)

    console.log
      [EMAIL] URL:   http://localhost:3000/auth/reset-password?token=10cce98123
31e8f1c9f53571588e2df09eed5a2158c338cf3ee88518db2afd09

      at log (src/services/emailService.js:332:11)

    console.log
      [EMAIL] ÔöÇÔöÇÔöÇÔöÇÔöÇÔöÇÔöÇÔöÇÔöÇÔöÇÔöÇÔöÇÔöÇÔöÇÔöÇÔöÇÔöÇÔöÇÔöÇÔöÇÔöÇÔö
ÇÔöÇÔöÇÔöÇÔöÇÔöÇÔöÇÔöÇÔöÇÔöÇÔöÇÔöÇÔöÇÔöÇÔöÇÔöÇÔöÇÔöÇÔöÇ

      at log (src/services/emailService.js:333:11)

    console.log
      
      [EMAIL] ÔöÇÔöÇ Password Reset Email ÔöÇÔöÇÔöÇÔöÇÔöÇÔöÇÔöÇÔöÇÔöÇÔöÇÔöÇÔöÇÔ
öÇÔöÇÔöÇÔöÇÔöÇ

      at log (src/services/emailService.js:329:11)

    console.log
      [EMAIL] To:    tokentest@example.com

      at log (src/services/emailService.js:330:11)

    console.log
      [EMAIL] Token: 9b85bf2ce97dbd7f0bbbc510be2e4062b0e6fdd6b0c49f8f431a5ad1a5
20c52b

      at log (src/services/emailService.js:331:11)

    console.log
      [EMAIL] URL:   http://localhost:3000/auth/reset-password?token=9b85bf2ce9
7dbd7f0bbbc510be2e4062b0e6fdd6b0c49f8f431a5ad1a520c52b

      at log (src/services/emailService.js:332:11)

    console.log
      [EMAIL] ÔöÇÔöÇÔöÇÔöÇÔöÇÔöÇÔöÇÔöÇÔöÇÔöÇÔöÇÔöÇÔöÇÔöÇÔöÇÔöÇÔöÇÔöÇÔöÇÔöÇÔöÇÔö
ÇÔöÇÔöÇÔöÇÔöÇÔöÇÔöÇÔöÇÔöÇÔöÇÔöÇÔöÇÔöÇÔöÇÔöÇÔöÇÔöÇÔöÇÔöÇ

      at log (src/services/emailService.js:333:11)

    console.log
      
      [EMAIL] ÔöÇÔöÇ Password Reset Email ÔöÇÔöÇÔöÇÔöÇÔöÇÔöÇÔöÇÔöÇÔöÇÔöÇÔöÇÔöÇÔ
öÇÔöÇÔöÇÔöÇÔöÇ

      at log (src/services/emailService.js:329:11)

    console.log
      [EMAIL] To:    ratelimit@example.com

      at log (src/services/emailService.js:330:11)

    console.log
      [EMAIL] Token: ad1b6911deba248585a436c9b91d4b5a42f0e4bdb0727a89757d903baa
6c2108

      at log (src/services/emailService.js:331:11)

    console.log
      [EMAIL] URL:   http://localhost:3000/auth/reset-password?token=ad1b6911de
ba248585a436c9b91d4b5a42f0e4bdb0727a89757d903baa6c2108

      at log (src/services/emailService.js:332:11)

    console.log
      [EMAIL] ÔöÇÔöÇÔöÇÔöÇÔöÇÔöÇÔöÇÔöÇÔöÇÔöÇÔöÇÔöÇÔöÇÔöÇÔöÇÔöÇÔöÇÔöÇÔöÇÔöÇÔöÇÔö
ÇÔöÇÔöÇÔöÇÔöÇÔöÇÔöÇÔöÇÔöÇÔöÇÔöÇÔöÇÔöÇÔöÇÔöÇÔöÇÔöÇÔöÇÔöÇ

      at log (src/services/emailService.js:333:11)

    console.log
      
      [EMAIL] ÔöÇÔöÇ Password Reset Email ÔöÇÔöÇÔöÇÔöÇÔöÇÔöÇÔöÇÔöÇÔöÇÔöÇÔöÇÔöÇÔ
öÇÔöÇÔöÇÔöÇÔöÇ

      at log (src/services/emailService.js:329:11)

    console.log
      [EMAIL] To:    ratelimit@example.com

      at log (src/services/emailService.js:330:11)

    console.log
      [EMAIL] Token: 0f824472938cc37d9693ab778ef542232e4901f1a7419367cb488d1040
577a68

      at log (src/services/emailService.js:331:11)

    console.log
      [EMAIL] URL:   http://localhost:3000/auth/reset-password?token=0f82447293
8cc37d9693ab778ef542232e4901f1a7419367cb488d1040577a68

      at log (src/services/emailService.js:332:11)

    console.log
      [EMAIL] ÔöÇÔöÇÔöÇÔöÇÔöÇÔöÇÔöÇÔöÇÔöÇÔöÇÔöÇÔöÇÔöÇÔöÇÔöÇÔöÇÔöÇÔöÇÔöÇÔöÇÔöÇÔö
ÇÔöÇÔöÇÔöÇÔöÇÔöÇÔöÇÔöÇÔöÇÔöÇÔöÇÔöÇÔöÇÔöÇÔöÇÔöÇÔöÇÔöÇÔöÇ

      at log (src/services/emailService.js:333:11)

    console.log
      
      [EMAIL] ÔöÇÔöÇ Password Reset Email ÔöÇÔöÇÔöÇÔöÇÔöÇÔöÇÔöÇÔöÇÔöÇÔöÇÔöÇÔöÇÔ
öÇÔöÇÔöÇÔöÇÔöÇ

      at log (src/services/emailService.js:329:11)

    console.log
      [EMAIL] To:    ratelimit@example.com

      at log (src/services/emailService.js:330:11)

    console.log
      [EMAIL] Token: e1da94cf5658f98bfd5a4bb40c5f23b9c5f2109279f56d25527ad7a08b
5b6bbb

      at log (src/services/emailService.js:331:11)

    console.log
      [EMAIL] URL:   http://localhost:3000/auth/reset-password?token=e1da94cf56
58f98bfd5a4bb40c5f23b9c5f2109279f56d25527ad7a08b5b6bbb

      at log (src/services/emailService.js:332:11)

    console.log
      [EMAIL] ÔöÇÔöÇÔöÇÔöÇÔöÇÔöÇÔöÇÔöÇÔöÇÔöÇÔöÇÔöÇÔöÇÔöÇÔöÇÔöÇÔöÇÔöÇÔöÇÔöÇÔöÇÔö
ÇÔöÇÔöÇÔöÇÔöÇÔöÇÔöÇÔöÇÔöÇÔöÇÔöÇÔöÇÔöÇÔöÇÔöÇÔöÇÔöÇÔöÇÔöÇ

      at log (src/services/emailService.js:333:11)

    console.log
      
      [EMAIL] ÔöÇÔöÇ Password Reset Email ÔöÇÔöÇÔöÇÔöÇÔöÇÔöÇÔöÇÔöÇÔöÇÔöÇÔöÇÔöÇÔ
öÇÔöÇÔöÇÔöÇÔöÇ

      at log (src/services/emailService.js:329:11)

    console.log
      [EMAIL] To:    ratelimit@example.com

      at log (src/services/emailService.js:330:11)

    console.log
      [EMAIL] Token: b494996ea880e05e9510ee044239b8788e14120d001753201b227fdf36
03e41b

      at log (src/services/emailService.js:331:11)

    console.log
      [EMAIL] URL:   http://localhost:3000/auth/reset-password?token=b494996ea8
80e05e9510ee044239b8788e14120d001753201b227fdf3603e41b

      at log (src/services/emailService.js:332:11)

    console.log
      [EMAIL] ÔöÇÔöÇÔöÇÔöÇÔöÇÔöÇÔöÇÔöÇÔöÇÔöÇÔöÇÔöÇÔöÇÔöÇÔöÇÔöÇÔöÇÔöÇÔöÇÔöÇÔöÇÔö
ÇÔöÇÔöÇÔöÇÔöÇÔöÇÔöÇÔöÇÔöÇÔöÇÔöÇÔöÇÔöÇÔöÇÔöÇÔöÇÔöÇÔöÇÔöÇ

      at log (src/services/emailService.js:333:11)

    console.log
      
      [EMAIL] ÔöÇÔöÇ Password Reset Email ÔöÇÔöÇÔöÇÔöÇÔöÇÔöÇÔöÇÔöÇÔöÇÔöÇÔöÇÔöÇÔ
öÇÔöÇÔöÇÔöÇÔöÇ

      at log (src/services/emailService.js:329:11)

    console.log
      [EMAIL] To:    ratelimit@example.com

      at log (src/services/emailService.js:330:11)

    console.log
      [EMAIL] Token: 940436abbfb30fb1bca1c256ad1e80bb91cc11971b6b845f8588263e71
839727

      at log (src/services/emailService.js:331:11)

    console.log
      [EMAIL] URL:   http://localhost:3000/auth/reset-password?token=940436abbf
b30fb1bca1c256ad1e80bb91cc11971b6b845f8588263e71839727

      at log (src/services/emailService.js:332:11)

    console.log
      [EMAIL] ÔöÇÔöÇÔöÇÔöÇÔöÇÔöÇÔöÇÔöÇÔöÇÔöÇÔöÇÔöÇÔöÇÔöÇÔöÇÔöÇÔöÇÔöÇÔöÇÔöÇÔöÇÔö
ÇÔöÇÔöÇÔöÇÔöÇÔöÇÔöÇÔöÇÔöÇÔöÇÔöÇÔöÇÔöÇÔöÇÔöÇÔöÇÔöÇÔöÇÔöÇ

      at log (src/services/emailService.js:333:11)

    console.log
      
      [EMAIL] ÔöÇÔöÇ Password Reset Email ÔöÇÔöÇÔöÇÔöÇÔöÇÔöÇÔöÇÔöÇÔöÇÔöÇÔöÇÔöÇÔ
öÇÔöÇÔöÇÔöÇÔöÇ

      at log (src/services/emailService.js:329:11)

    console.log
      [EMAIL] To:    auditreq@example.com

      at log (src/services/emailService.js:330:11)

    console.log
      [EMAIL] Token: e8626f986792ef8e7fe5fe04accb96629b7ab4f5487034e42a96f743ed
f96d76

      at log (src/services/emailService.js:331:11)

    console.log
      [EMAIL] URL:   http://localhost:3000/auth/reset-password?token=e8626f9867
92ef8e7fe5fe04accb96629b7ab4f5487034e42a96f743edf96d76

      at log (src/services/emailService.js:332:11)

    console.log
      [EMAIL] ÔöÇÔöÇÔöÇÔöÇÔöÇÔöÇÔöÇÔöÇÔöÇÔöÇÔöÇÔöÇÔöÇÔöÇÔöÇÔöÇÔöÇÔöÇÔöÇÔöÇÔöÇÔö
ÇÔöÇÔöÇÔöÇÔöÇÔöÇÔöÇÔöÇÔöÇÔöÇÔöÇÔöÇÔöÇÔöÇÔöÇÔöÇÔöÇÔöÇÔöÇ

      at log (src/services/emailService.js:333:11)

    console.log
      
      [EMAIL] ÔöÇÔöÇ Password Reset Email ÔöÇÔöÇÔöÇÔöÇÔöÇÔöÇÔöÇÔöÇÔöÇÔöÇÔöÇÔöÇÔ
öÇÔöÇÔöÇÔöÇÔöÇ

      at log (src/services/emailService.js:329:11)

    console.log
      [EMAIL] To:    target@example.com

      at log (src/services/emailService.js:330:11)

    console.log
      [EMAIL] Token: 1ab3137252c7b917b07435cf974c0bf82b70542a946628a71fdfa3a34f
6a306f

      at log (src/services/emailService.js:331:11)

    console.log
      [EMAIL] URL:   http://localhost:3000/auth/reset-password?token=1ab3137252
c7b917b07435cf974c0bf82b70542a946628a71fdfa3a34f6a306f

      at log (src/services/emailService.js:332:11)

    console.log
      [EMAIL] ÔöÇÔöÇÔöÇÔöÇÔöÇÔöÇÔöÇÔöÇÔöÇÔöÇÔöÇÔöÇÔöÇÔöÇÔöÇÔöÇÔöÇÔöÇÔöÇÔöÇÔöÇÔö
ÇÔöÇÔöÇÔöÇÔöÇÔöÇÔöÇÔöÇÔöÇÔöÇÔöÇÔöÇÔöÇÔöÇÔöÇÔöÇÔöÇÔöÇÔöÇ

      at log (src/services/emailService.js:333:11)

    console.log
      
      [EMAIL] ÔöÇÔöÇ Password Reset Email ÔöÇÔöÇÔöÇÔöÇÔöÇÔöÇÔöÇÔöÇÔöÇÔöÇÔöÇÔöÇÔ
öÇÔöÇÔöÇÔöÇÔöÇ

      at log (src/services/emailService.js:329:11)

    console.log
      [EMAIL] To:    target@example.com

      at log (src/services/emailService.js:330:11)

    console.log
      [EMAIL] Token: 015c80c14c54154118cc6049ebf2a70c8e7862fc66728c1a8eb257f3f7
cb635f

      at log (src/services/emailService.js:331:11)

    console.log
      [EMAIL] URL:   http://localhost:3000/auth/reset-password?token=015c80c14c
54154118cc6049ebf2a70c8e7862fc66728c1a8eb257f3f7cb635f

      at log (src/services/emailService.js:332:11)

    console.log
      [EMAIL] ÔöÇÔöÇÔöÇÔöÇÔöÇÔöÇÔöÇÔöÇÔöÇÔöÇÔöÇÔöÇÔöÇÔöÇÔöÇÔöÇÔöÇÔöÇÔöÇÔöÇÔöÇÔö
ÇÔöÇÔöÇÔöÇÔöÇÔöÇÔöÇÔöÇÔöÇÔöÇÔöÇÔöÇÔöÇÔöÇÔöÇÔöÇÔöÇÔöÇÔöÇ

      at log (src/services/emailService.js:333:11)

    console.log
      
      [EMAIL] ÔöÇÔöÇ Password Reset Email ÔöÇÔöÇÔöÇÔöÇÔöÇÔöÇÔöÇÔöÇÔöÇÔöÇÔöÇÔöÇÔ
öÇÔöÇÔöÇÔöÇÔöÇ

      at log (src/services/emailService.js:329:11)

    console.log
      [EMAIL] To:    target@example.com

      at log (src/services/emailService.js:330:11)

    console.log
      [EMAIL] Token: a6c4556533f472e05074137b5655d8e4561d5a50c10ca82b66f94b6ada
a30556

      at log (src/services/emailService.js:331:11)

    console.log
      [EMAIL] URL:   http://localhost:3000/auth/reset-password?token=a6c4556533
f472e05074137b5655d8e4561d5a50c10ca82b66f94b6adaa30556

      at log (src/services/emailService.js:332:11)

    console.log
      [EMAIL] ÔöÇÔöÇÔöÇÔöÇÔöÇÔöÇÔöÇÔöÇÔöÇÔöÇÔöÇÔöÇÔöÇÔöÇÔöÇÔöÇÔöÇÔöÇÔöÇÔöÇÔöÇÔö
ÇÔöÇÔöÇÔöÇÔöÇÔöÇÔöÇÔöÇÔöÇÔöÇÔöÇÔöÇÔöÇÔöÇÔöÇÔöÇÔöÇÔöÇÔöÇ

      at log (src/services/emailService.js:333:11)

    console.log
      
      [EMAIL] ÔöÇÔöÇ Password Reset Email ÔöÇÔöÇÔöÇÔöÇÔöÇÔöÇÔöÇÔöÇÔöÇÔöÇÔöÇÔöÇÔ
öÇÔöÇÔöÇÔöÇÔöÇ

      at log (src/services/emailService.js:329:11)

    console.log
      [EMAIL] To:    target@example.com

      at log (src/services/emailService.js:330:11)

    console.log
      [EMAIL] Token: dcd1d0cf922ec23c4fc7d34ab2a57d8264356b02f559ab0408560af044
1db25e

      at log (src/services/emailService.js:331:11)

    console.log
      [EMAIL] URL:   http://localhost:3000/auth/reset-password?token=dcd1d0cf92
2ec23c4fc7d34ab2a57d8264356b02f559ab0408560af0441db25e

      at log (src/services/emailService.js:332:11)

    console.log
      [EMAIL] ÔöÇÔöÇÔöÇÔöÇÔöÇÔöÇÔöÇÔöÇÔöÇÔöÇÔöÇÔöÇÔöÇÔöÇÔöÇÔöÇÔöÇÔöÇÔöÇÔöÇÔöÇÔö
ÇÔöÇÔöÇÔöÇÔöÇÔöÇÔöÇÔöÇÔöÇÔöÇÔöÇÔöÇÔöÇÔöÇÔöÇÔöÇÔöÇÔöÇÔöÇ

      at log (src/services/emailService.js:333:11)

    console.log
      
      [EMAIL] ÔöÇÔöÇ Password Reset Email ÔöÇÔöÇÔöÇÔöÇÔöÇÔöÇÔöÇÔöÇÔöÇÔöÇÔöÇÔöÇÔ
öÇÔöÇÔöÇÔöÇÔöÇ

      at log (src/services/emailService.js:329:11)

    console.log
      [EMAIL] To:    workflow@example.com

      at log (src/services/emailService.js:330:11)

    console.log
      [EMAIL] Token: 76fd18eedff487f74c15ed68261c6c26fe0b963ddd075fd7f015c15f94
87a133

      at log (src/services/emailService.js:331:11)

    console.log
      [EMAIL] URL:   http://localhost:3000/auth/reset-password?token=76fd18eedf
f487f74c15ed68261c6c26fe0b963ddd075fd7f015c15f9487a133

      at log (src/services/emailService.js:332:11)

    console.log
      [EMAIL] ÔöÇÔöÇÔöÇÔöÇÔöÇÔöÇÔöÇÔöÇÔöÇÔöÇÔöÇÔöÇÔöÇÔöÇÔöÇÔöÇÔöÇÔöÇÔöÇÔöÇÔöÇÔö
ÇÔöÇÔöÇÔöÇÔöÇÔöÇÔöÇÔöÇÔöÇÔöÇÔöÇÔöÇÔöÇÔöÇÔöÇÔöÇÔöÇÔöÇÔöÇ

      at log (src/services/emailService.js:333:11)

    console.log
      
      [EMAIL] ÔöÇÔöÇ Password Reset Email ÔöÇÔöÇÔöÇÔöÇÔöÇÔöÇÔöÇÔöÇÔöÇÔöÇÔöÇÔöÇÔ
öÇÔöÇÔöÇÔöÇÔöÇ

      at log (src/services/emailService.js:329:11)

    console.log
      [EMAIL] To:    ratelimitflow@example.com

      at log (src/services/emailService.js:330:11)

    console.log
      [EMAIL] Token: 87f757bbffa839ff2711a3ceaa0711b2c6a1fb1035c61f587ef914edcd
c62723

      at log (src/services/emailService.js:331:11)

    console.log
      [EMAIL] URL:   http://localhost:3000/auth/reset-password?token=87f757bbff
a839ff2711a3ceaa0711b2c6a1fb1035c61f587ef914edcdc62723

      at log (src/services/emailService.js:332:11)

    console.log
      [EMAIL] ÔöÇÔöÇÔöÇÔöÇÔöÇÔöÇÔöÇÔöÇÔöÇÔöÇÔöÇÔöÇÔöÇÔöÇÔöÇÔöÇÔöÇÔöÇÔöÇÔöÇÔöÇÔö
ÇÔöÇÔöÇÔöÇÔöÇÔöÇÔöÇÔöÇÔöÇÔöÇÔöÇÔöÇÔöÇÔöÇÔöÇÔöÇÔöÇÔöÇÔöÇ

      at log (src/services/emailService.js:333:11)

    console.log
      
      [EMAIL] ÔöÇÔöÇ Password Reset Email ÔöÇÔöÇÔöÇÔöÇÔöÇÔöÇÔöÇÔöÇÔöÇÔöÇÔöÇÔöÇÔ
öÇÔöÇÔöÇÔöÇÔöÇ

      at log (src/services/emailService.js:329:11)

    console.log
      [EMAIL] To:    ratelimitflow@example.com

      at log (src/services/emailService.js:330:11)

    console.log
      [EMAIL] Token: 10e31f536124a2a85f306dd4343b37a2e8da0e2a06b6e17e3517abd9db
1511c1

      at log (src/services/emailService.js:331:11)

    console.log
      [EMAIL] URL:   http://localhost:3000/auth/reset-password?token=10e31f5361
24a2a85f306dd4343b37a2e8da0e2a06b6e17e3517abd9db1511c1

      at log (src/services/emailService.js:332:11)

    console.log
      [EMAIL] ÔöÇÔöÇÔöÇÔöÇÔöÇÔöÇÔöÇÔöÇÔöÇÔöÇÔöÇÔöÇÔöÇÔöÇÔöÇÔöÇÔöÇÔöÇÔöÇÔöÇÔöÇÔö
ÇÔöÇÔöÇÔöÇÔöÇÔöÇÔöÇÔöÇÔöÇÔöÇÔöÇÔöÇÔöÇÔöÇÔöÇÔöÇÔöÇÔöÇÔöÇ

      at log (src/services/emailService.js:333:11)

    console.log
      
      [EMAIL] ÔöÇÔöÇ Password Reset Email ÔöÇÔöÇÔöÇÔöÇÔöÇÔöÇÔöÇÔöÇÔöÇÔöÇÔöÇÔöÇÔ
öÇÔöÇÔöÇÔöÇÔöÇ

      at log (src/services/emailService.js:329:11)

    console.log
      [EMAIL] To:    ratelimitflow@example.com

      at log (src/services/emailService.js:330:11)

    console.log
      [EMAIL] Token: 14ab0674f96f6f83936e7d4458319d06ef20b0e8e974deef65844ff80a
8d637f

      at log (src/services/emailService.js:331:11)

    console.log
      [EMAIL] URL:   http://localhost:3000/auth/reset-password?token=14ab0674f9
6f6f83936e7d4458319d06ef20b0e8e974deef65844ff80a8d637f

      at log (src/services/emailService.js:332:11)

    console.log
      [EMAIL] ÔöÇÔöÇÔöÇÔöÇÔöÇÔöÇÔöÇÔöÇÔöÇÔöÇÔöÇÔöÇÔöÇÔöÇÔöÇÔöÇÔöÇÔöÇÔöÇÔöÇÔöÇÔö
ÇÔöÇÔöÇÔöÇÔöÇÔöÇÔöÇÔöÇÔöÇÔöÇÔöÇÔöÇÔöÇÔöÇÔöÇÔöÇÔöÇÔöÇÔöÇ

      at log (src/services/emailService.js:333:11)

    console.log
      
      [EMAIL] ÔöÇÔöÇ Password Reset Email ÔöÇÔöÇÔöÇÔöÇÔöÇÔöÇÔöÇÔöÇÔöÇÔöÇÔöÇÔöÇÔ
öÇÔöÇÔöÇÔöÇÔöÇ

      at log (src/services/emailService.js:329:11)

    console.log
      [EMAIL] To:    ratelimitflow@example.com

      at log (src/services/emailService.js:330:11)

    console.log
      [EMAIL] Token: 227465e4c294f228b9ce16abddd7344714ddc423a8785462e5a186af42
b280f5

      at log (src/services/emailService.js:331:11)

    console.log
      [EMAIL] URL:   http://localhost:3000/auth/reset-password?token=227465e4c2
94f228b9ce16abddd7344714ddc423a8785462e5a186af42b280f5

      at log (src/services/emailService.js:332:11)

    console.log
      [EMAIL] ÔöÇÔöÇÔöÇÔöÇÔöÇÔöÇÔöÇÔöÇÔöÇÔöÇÔöÇÔöÇÔöÇÔöÇÔöÇÔöÇÔöÇÔöÇÔöÇÔöÇÔöÇÔö
ÇÔöÇÔöÇÔöÇÔöÇÔöÇÔöÇÔöÇÔöÇÔöÇÔöÇÔöÇÔöÇÔöÇÔöÇÔöÇÔöÇÔöÇÔöÇ

      at log (src/services/emailService.js:333:11)

    console.log
      
      [EMAIL] ÔöÇÔöÇ Password Reset Email ÔöÇÔöÇÔöÇÔöÇÔöÇÔöÇÔöÇÔöÇÔöÇÔöÇÔöÇÔöÇÔ
öÇÔöÇÔöÇÔöÇÔöÇ

      at log (src/services/emailService.js:329:11)

    console.log
      [EMAIL] To:    ratelimitflow@example.com

      at log (src/services/emailService.js:330:11)

    console.log
      [EMAIL] Token: e7197c40c2e76948850f031a1669dcdb60c3e2543978a7ace89047d477
fc1eb2

      at log (src/services/emailService.js:331:11)

    console.log
      [EMAIL] URL:   http://localhost:3000/auth/reset-password?token=e7197c40c2
e76948850f031a1669dcdb60c3e2543978a7ace89047d477fc1eb2

      at log (src/services/emailService.js:332:11)

    console.log
      [EMAIL] ÔöÇÔöÇÔöÇÔöÇÔöÇÔöÇÔöÇÔöÇÔöÇÔöÇÔöÇÔöÇÔöÇÔöÇÔöÇÔöÇÔöÇÔöÇÔöÇÔöÇÔöÇÔö
ÇÔöÇÔöÇÔöÇÔöÇÔöÇÔöÇÔöÇÔöÇÔöÇÔöÇÔöÇÔöÇÔöÇÔöÇÔöÇÔöÇÔöÇÔöÇ

      at log (src/services/emailService.js:333:11)

    console.log
      
      [EMAIL] ÔöÇÔöÇ Password Reset Email ÔöÇÔöÇÔöÇÔöÇÔöÇÔöÇÔöÇÔöÇÔöÇÔöÇÔöÇÔöÇÔ
öÇÔöÇÔöÇÔöÇÔöÇ

      at log (src/services/emailService.js:329:11)

    console.log
      [EMAIL] To:    auditflow@example.com

      at log (src/services/emailService.js:330:11)

    console.log
      [EMAIL] Token: dc771a3a305c435de56ed4f33ab2e06705e2fad9468fe11f85033457ea
7923e0

      at log (src/services/emailService.js:331:11)

    console.log
      [EMAIL] URL:   http://localhost:3000/auth/reset-password?token=dc771a3a30
5c435de56ed4f33ab2e06705e2fad9468fe11f85033457ea7923e0

      at log (src/services/emailService.js:332:11)

    console.log
      [EMAIL] ÔöÇÔöÇÔöÇÔöÇÔöÇÔöÇÔöÇÔöÇÔöÇÔöÇÔöÇÔöÇÔöÇÔöÇÔöÇÔöÇÔöÇÔöÇÔöÇÔöÇÔöÇÔö
ÇÔöÇÔöÇÔöÇÔöÇÔöÇÔöÇÔöÇÔöÇÔöÇÔöÇÔöÇÔöÇÔöÇÔöÇÔöÇÔöÇÔöÇÔöÇ

      at log (src/services/emailService.js:333:11)

PASS tests/registration-flow.test.js (23.221 s)

Test Suites: 3 failed, 6 passed, 9 total
Tests:       17 failed, 274 passed, 291 total
Snapshots:   0 total
Time:        23.732 s, estimated 25 s
Ran all test suites.
